Component: ARM Compiler 5.06 update 6 (build 750) Tool: armlink [4d35ed]

==============================================================================

Section Cross References

    startup_stm32f407xx.o(STACK) refers (Special) to heapauxi.o(.text) for __use_two_region_memory
    startup_stm32f407xx.o(HEAP) refers (Special) to heapauxi.o(.text) for __use_two_region_memory
    startup_stm32f407xx.o(RESET) refers (Special) to heapauxi.o(.text) for __use_two_region_memory
    startup_stm32f407xx.o(RESET) refers to startup_stm32f407xx.o(STACK) for __initial_sp
    startup_stm32f407xx.o(RESET) refers to startup_stm32f407xx.o(.text) for Reset_Handler
    startup_stm32f407xx.o(RESET) refers to stm32f4xx_it.o(i.NMI_Handler) for NMI_Handler
    startup_stm32f407xx.o(RESET) refers to stm32f4xx_it.o(i.HardFault_Handler) for HardFault_Handler
    startup_stm32f407xx.o(RESET) refers to stm32f4xx_it.o(i.MemManage_Handler) for MemManage_Handler
    startup_stm32f407xx.o(RESET) refers to stm32f4xx_it.o(i.BusFault_Handler) for BusFault_Handler
    startup_stm32f407xx.o(RESET) refers to stm32f4xx_it.o(i.UsageFault_Handler) for UsageFault_Handler
    startup_stm32f407xx.o(RESET) refers to port.o(.emb_text) for SVC_Handler
    startup_stm32f407xx.o(RESET) refers to stm32f4xx_it.o(i.DebugMon_Handler) for DebugMon_Handler
    startup_stm32f407xx.o(RESET) refers to port.o(i.SysTick_Handler) for SysTick_Handler
    startup_stm32f407xx.o(RESET) refers to stm32f4xx_it.o(i.DMA1_Stream1_IRQHandler) for DMA1_Stream1_IRQHandler
    startup_stm32f407xx.o(RESET) refers to stm32f4xx_it.o(i.CAN1_RX0_IRQHandler) for CAN1_RX0_IRQHandler
    startup_stm32f407xx.o(RESET) refers to stm32f4xx_it.o(i.USART3_IRQHandler) for USART3_IRQHandler
    startup_stm32f407xx.o(RESET) refers to stm32f4xx_it.o(i.TIM8_TRG_COM_TIM14_IRQHandler) for TIM8_TRG_COM_TIM14_IRQHandler
    startup_stm32f407xx.o(RESET) refers to stm32f4xx_it.o(i.DMA2_Stream1_IRQHandler) for DMA2_Stream1_IRQHandler
    startup_stm32f407xx.o(RESET) refers to stm32f4xx_it.o(i.CAN2_RX0_IRQHandler) for CAN2_RX0_IRQHandler
    startup_stm32f407xx.o(RESET) refers to stm32f4xx_it.o(i.DMA2_Stream6_IRQHandler) for DMA2_Stream6_IRQHandler
    startup_stm32f407xx.o(RESET) refers to stm32f4xx_it.o(i.USART6_IRQHandler) for USART6_IRQHandler
    startup_stm32f407xx.o(RESET) refers to stm32f4xx_it.o(i.OTG_HS_IRQHandler) for OTG_HS_IRQHandler
    startup_stm32f407xx.o(.text) refers (Special) to heapauxi.o(.text) for __use_two_region_memory
    startup_stm32f407xx.o(.text) refers to system_stm32f4xx.o(i.SystemInit) for SystemInit
    startup_stm32f407xx.o(.text) refers to __main.o(!!!main) for __main
    startup_stm32f407xx.o(.text) refers to startup_stm32f407xx.o(HEAP) for Heap_Mem
    startup_stm32f407xx.o(.text) refers to startup_stm32f407xx.o(STACK) for Stack_Mem
    main.o(i.HAL_TIM_PeriodElapsedCallback) refers to stm32f4xx_hal.o(i.HAL_IncTick) for HAL_IncTick
    main.o(i.SystemClock_Config) refers to rt_memclr_w.o(.text) for __aeabi_memclr4
    main.o(i.SystemClock_Config) refers to stm32f4xx_hal_rcc.o(i.HAL_RCC_OscConfig) for HAL_RCC_OscConfig
    main.o(i.SystemClock_Config) refers to main.o(i.Error_Handler) for Error_Handler
    main.o(i.SystemClock_Config) refers to stm32f4xx_hal_rcc.o(i.HAL_RCC_ClockConfig) for HAL_RCC_ClockConfig
    main.o(i.main) refers to stm32f4xx_hal.o(i.HAL_Init) for HAL_Init
    main.o(i.main) refers to main.o(i.SystemClock_Config) for SystemClock_Config
    main.o(i.main) refers to gpio.o(i.MX_GPIO_Init) for MX_GPIO_Init
    main.o(i.main) refers to dma.o(i.MX_DMA_Init) for MX_DMA_Init
    main.o(i.main) refers to can.o(i.MX_CAN1_Init) for MX_CAN1_Init
    main.o(i.main) refers to spi.o(i.MX_SPI1_Init) for MX_SPI1_Init
    main.o(i.main) refers to tim.o(i.MX_TIM8_Init) for MX_TIM8_Init
    main.o(i.main) refers to usart.o(i.MX_USART3_UART_Init) for MX_USART3_UART_Init
    main.o(i.main) refers to tim.o(i.MX_TIM10_Init) for MX_TIM10_Init
    main.o(i.main) refers to can.o(i.MX_CAN2_Init) for MX_CAN2_Init
    main.o(i.main) refers to tim.o(i.MX_TIM4_Init) for MX_TIM4_Init
    main.o(i.main) refers to usart.o(i.MX_USART6_UART_Init) for MX_USART6_UART_Init
    main.o(i.main) refers to buzzer.o(i.Buzzer_init) for Buzzer_init
    main.o(i.main) refers to fliter.o(i.can_filter_init) for can_filter_init
    main.o(i.main) refers to init.o(i.car_init) for car_init
    main.o(i.main) refers to remoter.o(i.Remoter_Init) for Remoter_Init
    main.o(i.main) refers to stm32f4xx_hal_uart.o(i.HAL_UARTEx_ReceiveToIdle_DMA) for HAL_UARTEx_ReceiveToIdle_DMA
    main.o(i.main) refers to freertos.o(i.MX_FREERTOS_Init) for MX_FREERTOS_Init
    main.o(i.main) refers to cmsis_os.o(i.osKernelStart) for osKernelStart
    main.o(i.main) refers to main.o(.bss) for up_board_data
    main.o(i.main) refers to usart.o(.bss) for huart6
    gpio.o(i.MX_GPIO_Init) refers to rt_memclr_w.o(.text) for __aeabi_memclr4
[...]
    J_one                                    0x200001f0   Data           4  panel.o(.data)
    J_two                                    0x200001f4   Data           4  panel.o(.data)
    J_three                                  0x200001f8   Data           4  panel.o(.data)
    J_four                                   0x200001fc   Data           4  panel.o(.data)
    viscoelastic_force_left                  0x20000200   Data           4  panel.o(.data)
    viscoelastic_force_right                 0x20000204   Data           4  panel.o(.data)
    body_speed_y                             0x20000208   Data           4  panel.o(.data)
    left_u                                   0x2000020c   Data           8  panel.o(.data)
    right_u                                  0x20000214   Data           8  panel.o(.data)
    wheel_torque                             0x2000021c   Data           8  panel.o(.data)
    k                                        0x20000224   Data          48  panel.o(.data)
    left_leg                                 0x20000254   Data          96  panel.o(.data)
    right_leg                                0x200002b4   Data          96  panel.o(.data)
    Kp_yaw                                   0x20000314   Data           4  panel.o(.data)
    Ki_yaw                                   0x20000318   Data           4  panel.o(.data)
    Kd_yaw                                   0x2000031c   Data           4  panel.o(.data)
    yaw_target                               0x20000320   Data           4  panel.o(.data)
    yaw_controller                           0x20000324   Data           4  panel.o(.data)
    yaw_error                                0x20000328   Data           4  panel.o(.data)
    yaw_accumulated_error                    0x2000032c   Data           4  panel.o(.data)
    yaw_pre_error                            0x20000330   Data           4  panel.o(.data)
    yaw_I_MAX                                0x20000334   Data           4  panel.o(.data)
    yaw_controller_MAX                       0x20000338   Data           4  panel.o(.data)
    Kp_roll                                  0x2000033c   Data           4  panel.o(.data)
    Ki_roll                                  0x20000340   Data           4  panel.o(.data)
    Kd_roll                                  0x20000344   Data           4  panel.o(.data)
    roll_target                              0x20000348   Data           4  panel.o(.data)
    roll_controller                          0x2000034c   Data           4  panel.o(.data)
    roll_error                               0x20000350   Data           4  panel.o(.data)
    roll_accumulated_error                   0x20000354   Data           4  panel.o(.data)
    roll_pre_error                           0x20000358   Data           4  panel.o(.data)
    roll_I_MAX                               0x2000035c   Data           4  panel.o(.data)
    roll_controller_MAX                      0x20000360   Data           4  panel.o(.data)
    Kp_vmc                                   0x20000364   Data           4  panel.o(.data)
    Kd_vmc                                   0x20000368   Data           4  panel.o(.data)
    x_lun                                    0x2000036c   Data           4  panel.o(.data)
    d_x_lun                                  0x20000370   Data           4  panel.o(.data)
    d_lun_filter                             0x20000374   Data           4  panel.o(.data)
    d_yaw                                    0x20000378   Data           4  panel.o(.data)
    d_yaw_filter                             0x2000037c   Data           4  panel.o(.data)
    chassis_state                            0x20000380   Data           1  state_define.o(.data)
    controller_state                         0x20000381   Data           1  state_define.o(.data)
    manual_state                             0x20000382   Data           1  state_define.o(.data)
    gyroscope_state                          0x20000383   Data           1  state_define.o(.data)
    balance_state                            0x20000384   Data           1  state_define.o(.data)
    left_skid_state                          0x20000385   Data           1  state_define.o(.data)
    right_skid_state                         0x20000386   Data           1  state_define.o(.data)
    height_finish_state                      0x20000387   Data           1  state_define.o(.data)
    height_state                             0x20000388   Data           1  state_define.o(.data)
    left_off_ground_state                    0x20000389   Data           1  state_define.o(.data)
    right_off_ground_state                   0x2000038a   Data           1  state_define.o(.data)
    jump_state                               0x2000038b   Data           1  state_define.o(.data)
    left_stumble_state                       0x2000038c   Data           1  state_define.o(.data)
    rightstumble_state                       0x2000038d   Data           1  state_define.o(.data)
    contraller_state                         0x2000038e   Data           1  state_define.o(.data)
    car_state                                0x2000038f   Data           1  state_define.o(.data)
    task1                                    0x20000390   Data           1  task_define.o(.data)
    lie_down                                 0x20000391   Data           1  task_define.o(.data)
    error_angle                              0x20000394   Data           4  virtual_chassis_control.o(.data)
    yaw_state                                0x20000398   Data           4  virtual_chassis_control.o(.data)
    calculate_yaw                            0x2000039c   Data           4  virtual_chassis_control.o(.data)
    left_sin_theta1_theta2                   0x200003a0   Data           4  vmc.o(.data)
    left_sin_alpha                           0x200003a4   Data           4  vmc.o(.data)
    left_cos_alpha                           0x200003a8   Data           4  vmc.o(.data)
    left_sin_beta                            0x200003ac   Data           4  vmc.o(.data)
    left_cos_beta                            0x200003b0   Data           4  vmc.o(.data)
    left_a                                   0x200003b4   Data           4  vmc.o(.data)
    left_b                                   0x200003b8   Data           4  vmc.o(.data)
    left_L_ac                                0x200003bc   Data           4  vmc.o(.data)
    left_c                                   0x200003c0   Data           4  vmc.o(.data)
    left_tan_theta1_1_of_2                   0x200003c4   Data           4  vmc.o(.data)
    left_OB                                  0x200003c8   Data           4  vmc.o(.data)
    left_sin_AOB                             0x200003cc   Data           4  vmc.o(.data)
    left_cos_AOB                             0x200003d0   Data           4  vmc.o(.data)
    left_F_x                                 0x200003d4   Data           4  vmc.o(.data)
    left_F_y                                 0x200003d8   Data           4  vmc.o(.data)
    left_d_OB                                0x200003dc   Data           4  vmc.o(.data)
    left_cos_alpha_beta_2                    0x200003e0   Data           4  vmc.o(.data)
    left_theta_1                             0x200003e4   Data           4  vmc.o(.data)
    left_cos_theta_1                         0x200003e8   Data           4  vmc.o(.data)
    left_sin_theta_1                         0x200003ec   Data           4  vmc.o(.data)
    theta_fliter                             0x200003f0   Data           4  vmc.o(.data)
    right_sin_theta1_theta2                  0x200003f4   Data           4  vmc.o(.data)
    right_sin_alpha                          0x200003f8   Data           4  vmc.o(.data)
    right_cos_alpha                          0x200003fc   Data           4  vmc.o(.data)
    right_sin_beta                           0x20000400   Data           4  vmc.o(.data)
    right_cos_beta                           0x20000404   Data           4  vmc.o(.data)
    right_a                                  0x20000408   Data           4  vmc.o(.data)
    right_b                                  0x2000040c   Data           4  vmc.o(.data)
    right_L_ac                               0x20000410   Data           4  vmc.o(.data)
    right_c                                  0x20000414   Data           4  vmc.o(.data)
    right_tan_theta1_1_of_2                  0x20000418   Data           4  vmc.o(.data)
    right_OB                                 0x2000041c   Data           4  vmc.o(.data)
    right_sin_AOB                            0x20000420   Data           4  vmc.o(.data)
    right_cos_AOB                            0x20000424   Data           4  vmc.o(.data)
    right_F_x                                0x20000428   Data           4  vmc.o(.data)
    right_F_y                                0x2000042c   Data           4  vmc.o(.data)
    right_d_OB                               0x20000430   Data           4  vmc.o(.data)
    right_cos_alpha_beta_2                   0x20000434   Data           4  vmc.o(.data)
    right_theta_1                            0x20000438   Data           4  vmc.o(.data)
    right_cos_theta_1                        0x2000043c   Data           4  vmc.o(.data)
    right_sin_theta_1                        0x20000440   Data           4  vmc.o(.data)
    sizeof_float                             0x20000444   Data           2  kalman_filter.o(.data)
    sizeof_double                            0x20000446   Data           2  kalman_filter.o(.data)
    IMU_QuaternionEKF_P                      0x20000448   Data         144  quaternionekf.o(.data)
    Temperature_PID_Para                     0x200004d8   Data          12  imu_temp_ctrl.o(.data)
    temp                                     0x200004e4   Data           4  imu_temp_ctrl.o(.data)
    RefTemp                                  0x200004e8   Data           4  imu_temp_ctrl.o(.data)
    roll                                     0x200004ec   Data           4  imu_temp_ctrl.o(.data)
    pitch                                    0x200004f0   Data           4  imu_temp_ctrl.o(.data)
    yaw                                      0x200004f4   Data           4  imu_temp_ctrl.o(.data)
    attitude_flag                            0x200004f8   Data           1  imu_temp_ctrl.o(.data)
    correct_times                            0x200004fc   Data           4  imu_temp_ctrl.o(.data)
    temp_temperature                         0x20000500   Data           4  imu_temp_ctrl.o(.data)
    gyroscope_flag                           0x20000504   Data           4  imu_temp_ctrl.o(.data)
    pre_gyroscope_flag                       0x2000050c   Data           4  imu_temp_ctrl.o(.data)
    BMI088_ACCEL_SEN                         0x20000518   Data           4  bmi088driver.o(.data)
    BMI088_GYRO_SEN                          0x2000051c   Data           4  bmi088driver.o(.data)
    twoKi                                    0x20000544   Data           4  mahonyahrs.o(.data)
    q0                                       0x20000548   Data           4  mahonyahrs.o(.data)
    q1                                       0x2000054c   Data           4  mahonyahrs.o(.data)
    q2                                       0x20000550   Data           4  mahonyahrs.o(.data)
    q3                                       0x20000554   Data           4  mahonyahrs.o(.data)
    integralFBx                              0x20000558   Data           4  mahonyahrs.o(.data)
    integralFBy                              0x2000055c   Data           4  mahonyahrs.o(.data)
    integralFBz                              0x20000560   Data           4  mahonyahrs.o(.data)
    invSampleFreq                            0x20000564   Data           4  mahonyahrs.o(.data)
    roll_mahony                              0x20000568   Data           4  mahonyahrs.o(.data)
    pitch_mahony                             0x2000056c   Data           4  mahonyahrs.o(.data)
    yaw_mahony                               0x20000570   Data           4  mahonyahrs.o(.data)
    anglesComputed                           0x20000574   Data           1  mahonyahrs.o(.data)
    Remoter_disconnected_times               0x20000578   Data           4  remoter.o(.data)
    Error_state                              0x2000057c   Data           1  remoter.o(.data)
    a                                        0x2000057d   Data           4  remoter.o(.data)
    b                                        0x20000581   Data           4  remoter.o(.data)
    c                                        0x20000588   Data           4  remoter.o(.data)
    d                                        0x2000058c   Data           4  remoter.o(.data)
    x_error                                  0x20000590   Data           4  remoter.o(.data)
    x_error_forecast                         0x20000594   Data           4  remoter.o(.data)
    x_acceleration                           0x20000598   Data           4  remoter.o(.data)
    yaw_acceleration                         0x2000059c   Data           4  remoter.o(.data)
    x_state                                  0x200005a0   Data           1  remoter.o(.data)
    x_stop                                   0x200005a1   Data           1  remoter.o(.data)
    control_state                            0x200005a2   Data           1  remoter.o(.data)
    ai_x_accelerate                          0x200005a3   Data           1  remoter.o(.data)
    HT_10A_flag                              0x200005a4   Data           2  remoter.o(.data)
    HT_10A_pre_flag                          0x200005a6   Data           2  remoter.o(.data)
    HT_10A_state                             0x200005a8   Data           1  remoter.o(.data)
    lie_down_state                           0x200005ac   Data           1  lie_down.o(.data)
    lie_down_tick                            0x200005ae   Data           2  lie_down.o(.data)
    lie_down_time                            0x200005b0   Data           2  lie_down.o(.data)
    lie_down_theta                           0x200005b4   Data           4  lie_down.o(.data)
    lie_down_p                               0x200005b8   Data           4  lie_down.o(.data)
    lie_down_i                               0x200005bc   Data           4  lie_down.o(.data)
    lie_down_d                               0x200005c0   Data           4  lie_down.o(.data)
    lie_down_controller                      0x200005c4   Data           4  lie_down.o(.data)
    lie_down_error                           0x200005c8   Data           4  lie_down.o(.data)
    lie_down_accumulated_error               0x200005cc   Data           4  lie_down.o(.data)
    lie_down_pre_error                       0x200005d0   Data           4  lie_down.o(.data)
    lie_down_I_MAX                           0x200005d4   Data           4  lie_down.o(.data)
    lie_down_controller_MAX                  0x200005d8   Data           4  lie_down.o(.data)
    lie_down_alpha                           0x200005dc   Data           4  lie_down.o(.data)
    lie_down_v_p                             0x200005e0   Data           4  lie_down.o(.data)
    lie_down_v_i                             0x200005e4   Data           4  lie_down.o(.data)
    lie_down_v_d                             0x200005e8   Data           4  lie_down.o(.data)
    lie_down_v_error                         0x200005ec   Data           4  lie_down.o(.data)
    lie_down_v_accumulated_error             0x200005f0   Data           4  lie_down.o(.data)
    lie_down_v_pre_error                     0x200005f4   Data           4  lie_down.o(.data)
    lie_down_v_I_MAX                         0x200005f8   Data           4  lie_down.o(.data)
    lie_down_v_controller_MAX                0x200005fc   Data           4  lie_down.o(.data)
    lie_down_v_target                        0x20000600   Data           4  lie_down.o(.data)
    tao_lun                                  0x20000604   Data           4  lie_down.o(.data)
    yaw_p                                    0x20000608   Data           4  lie_down.o(.data)
    yaw_i                                    0x2000060c   Data           4  lie_down.o(.data)
    yaw_d                                    0x20000610   Data           4  lie_down.o(.data)
    yaw_accelerate                           0x20000614   Data           4  lie_down.o(.data)
    yaw_tao                                  0x20000618   Data           4  lie_down.o(.data)
    yaw_error_1                              0x2000061c   Data           4  lie_down.o(.data)
    yaw_accumulated_error_1                  0x20000620   Data           4  lie_down.o(.data)
    yaw_pre_error_1                          0x20000624   Data           4  lie_down.o(.data)
    yaw_I_MAX_1                              0x20000628   Data           4  lie_down.o(.data)
    yaw_controller_MAX_1                     0x2000062c   Data           4  lie_down.o(.data)
    pitch_p                                  0x20000630   Data           4  lie_down.o(.data)
    pitch_i                                  0x20000634   Data           4  lie_down.o(.data)
    pitch_d                                  0x20000638   Data           4  lie_down.o(.data)
    pitch_target                             0x2000063c   Data           4  lie_down.o(.data)
    pitch_tao                                0x20000640   Data           4  lie_down.o(.data)
    pitch_error_1                            0x20000644   Data           4  lie_down.o(.data)
    pitch_accumulated_error_1                0x20000648   Data           4  lie_down.o(.data)
    pitch_pre_error_1                        0x2000064c   Data           4  lie_down.o(.data)
    pitch_I_MAX_1                            0x20000650   Data           4  lie_down.o(.data)
    pitch_controller_MAX_1                   0x20000654   Data           4  lie_down.o(.data)
    can11                                    0x20000658   Data           4  lie_down.o(.data)
    can12                                    0x2000065c   Data           4  lie_down.o(.data)
    can13                                    0x20000660   Data           4  lie_down.o(.data)
    can21                                    0x20000664   Data           4  lie_down.o(.data)
    can22                                    0x20000668   Data           4  lie_down.o(.data)
    can23                                    0x2000066c   Data           4  lie_down.o(.data)
    accelerate                               0x20000670   Data           4  lie_down.o(.data)
    yaw_p_accelerate                         0x20000674   Data           4  lie_down.o(.data)
    up_board_data                            0x20000678   Data         128  main.o(.bss)
    hcan1                                    0x2000094c   Data          40  can.o(.bss)
    hcan2                                    0x20000974   Data          40  can.o(.bss)
    hspi1                                    0x2000099c   Data          88  spi.o(.bss)
    htim4                                    0x200009f4   Data          72  tim.o(.bss)
    htim8                                    0x20000a3c   Data          72  tim.o(.bss)
    htim10                                   0x20000a84   Data          72  tim.o(.bss)
    huart3                                   0x20000acc   Data          72  usart.o(.bss)
    huart6                                   0x20000b14   Data          72  usart.o(.bss)
    hdma_usart3_rx                           0x20000b5c   Data          96  usart.o(.bss)
    hdma_usart6_rx                           0x20000bbc   Data          96  usart.o(.bss)
    hdma_usart6_tx                           0x20000c1c   Data          96  usart.o(.bss)
    htim14                                   0x20000c7c   Data          72  stm32f4xx_hal_timebase_tim.o(.bss)
    hUsbDeviceHS                             0x20000cc4   Data         732  usb_device.o(.bss)
    USBD_StrDesc                             0x20000fa0   Data         512  usbd_desc.o(.bss)
    UserRxBufferHS                           0x200011a0   Data        2048  usbd_cdc_if.o(.bss)
    UserTxBufferHS                           0x200019a0   Data        2048  usbd_cdc_if.o(.bss)
    hpcd_USB_OTG_HS                          0x200021a0   Data        1252  usbd_conf.o(.bss)
    x                                        0x20006594   Data         104  panel.o(.bss)
    d_x                                      0x200065fc   Data          24  panel.o(.bss)
    total_d_x                                0x20006614   Data          24  panel.o(.bss)
    hip_torque                               0x2000662c   Data          16  panel.o(.bss)
    J                                        0x2000663c   Data          16  panel.o(.bss)
    left_leg_off_ground_detection_state_vector 0x2000664c   Data          48  panel.o(.bss)
    right_leg_off_ground_detection_state_vector 0x2000667c   Data          48  panel.o(.bss)
    CAN_1                                    0x200066ac   Data         260  dm_can_io.o(.bss)
    CAN_2                                    0x200067b0   Data         260  dm_can_io.o(.bss)
    QEKF_INS                                 0x20006900   Data         480  quaternionekf.o(.bss)
    IMU_QuaternionEKF_K                      0x20006ae0   Data          72  quaternionekf.o(.bss)
    IMU_QuaternionEKF_H                      0x20006b28   Data          72  quaternionekf.o(.bss)
    Temperature_PID                          0x20006b70   Data          72  imu_temp_ctrl.o(.bss)
    gyro                                     0x20006bb8   Data          12  imu_temp_ctrl.o(.bss)
    accel                                    0x20006bc4   Data          12  imu_temp_ctrl.o(.bss)
    gyro_correct                             0x20006bd0   Data          12  imu_temp_ctrl.o(.bss)
    Rx_Data                                  0x20006bdc   Data         100  remoter.o(.bss)
    hdma_uart3_rx                            0x20006c40   Data          96  remoter.o(.bss)
    SBUS_CH                                  0x20006ca0   Data          38  remoter.o(.bss)
    HT_10A                                   0x20006cc8   Data          24  remoter.o(.bss)
    __libspace_start                         0x20006ce0   Data          96  libspace.o(.bss)
    __temporary_stack_top$libspace           0x20006d40   Data           0  libspace.o(.bss)



==============================================================================

Memory Map of the image

  Image Entry point : 0x08000189

  Load Region LR_IROM1 (Base: 0x08000000, Size: 0x00011940, Max: 0x00100000, ABSOLUTE, COMPRESSED[0x000114d4])

    Execution Region ER_IROM1 (Exec base: 0x08000000, Load base: 0x08000000, Size: 0x000112c8, Max: 0x00100000, ABSOLUTE)

    Exec Addr    Load Addr    Size         Type   Attr      Idx    E Section Name        Object

    0x08000000   0x08000000   0x00000188   Data   RO            3    RESET               startup_stm32f407xx.o
    0x08000188   0x08000188   0x00000008   Code   RO        15178  * !!!main             c_w.l(__main.o)
    0x08000190   0x08000190   0x00000034   Code   RO        15635    !!!scatter          c_w.l(__scatter.o)
    0x080001c4   0x080001c4   0x0000005a   Code   RO        15633    !!dczerorl2         c_w.l(__dczerorl2.o)
    0x0800021e   0x0800021e   0x00000002   PAD
    0x08000220   0x08000220   0x0000001c   Code   RO        15637    !!handler_zi        c_w.l(__scatter_zi.o)
    0x0800023c   0x0800023c   0x00000002   Code   RO        15506    .ARM.Collect$$libinit$$00000000  c_w.l(libinit.o)
    0x0800023e   0x0800023e   0x00000004   Code   RO        15515    .ARM.Collect$$libinit$$00000001  c_w.l(libinit2.o)
    0x08000242   0x08000242   0x00000000   Code   RO        15518    .ARM.Collect$$libinit$$00000004  c_w.l(libinit2.o)
    0x08000242   0x08000242   0x00000000   Code   RO        15521    .ARM.Collect$$libinit$$0000000A  c_w.l(libinit2.o)
    0x08000242   0x08000242   0x00000000   Code   RO        15523    .ARM.Collect$$libinit$$0000000C  c_w.l(libinit2.o)
    0x08000242   0x08000242   0x00000000   Code   RO        15525    .ARM.Collect$$libinit$$0000000E  c_w.l(libinit2.o)
    0x08000242   0x08000242   0x00000000   Code   RO        15528    .ARM.Collect$$libinit$$00000011  c_w.l(libinit2.o)
    0x08000242   0x08000242   0x00000000   Code   RO        15530    .ARM.Collect$$libinit$$00000013  c_w.l(libinit2.o)
    0x08000242   0x08000242   0x00000000   Code   RO        15532    .ARM.Collect$$libinit$$00000015  c_w.l(libinit2.o)
    0x08000242   0x08000242   0x00000000   Code   RO        15534    .ARM.Collect$$libinit$$00000017  c_w.l(libinit2.o)
    0x08000242   0x08000242   0x00000000   Code   RO        15536    .ARM.Collect$$libinit$$00000019  c_w.l(libinit2.o)
    0x08000242   0x08000242   0x00000000   Code   RO        15538    .ARM.Collect$$libinit$$0000001B  c_w.l(libinit2.o)
    0x08000242   0x08000242   0x00000000   Code   RO        15540    .ARM.Collect$$libinit$$0000001D  c_w.l(libinit2.o)
    0x08000242   0x08000242   0x00000000   Code   RO        15542    .ARM.Collect$$libinit$$0000001F  c_w.l(libinit2.o)
    0x08000242   0x08000242   0x00000000   Code   RO        15544    .ARM.Collect$$libinit$$00000021  c_w.l(libinit2.o)
    0x08000242   0x08000242   0x00000000   Code   RO        15546    .ARM.Collect$$libinit$$00000023  c_w.l(libinit2.o)
    0x08000242   0x08000242   0x00000000   Code   RO        15548    .ARM.Collect$$libinit$$00000025  c_w.l(libinit2.o)
    0x08000242   0x08000242   0x00000000   Code   RO        15552    .ARM.Collect$$libinit$$0000002C  c_w.l(libinit2.o)
    0x08000242   0x08000242   0x00000000   Code   RO        15554    .ARM.Collect$$libinit$$0000002E  c_w.l(libinit2.o)
    0x08000242   0x08000242   0x00000000   Code   RO        15556    .ARM.Collect$$libinit$$00000030  c_w.l(libinit2.o)
    0x08000242   0x08000242   0x00000000   Code   RO        15558    .ARM.Collect$$libinit$$00000032  c_w.l(libinit2.o)
    0x08000242   0x08000242   0x00000002   Code   RO        15559    .ARM.Collect$$libinit$$00000033  c_w.l(libinit2.o)
    0x08000244   0x08000244   0x00000002   Code   RO        15590    .ARM.Collect$$libshutdown$$00000000  c_w.l(libshutdown.o)
    0x08000246   0x08000246   0x00000000   Code   RO        15616    .ARM.Collect$$libshutdown$$00000002  c_w.l(libshutdown2.o)
    0x08000246   0x08000246   0x00000000   Code   RO        15618    .ARM.Collect$$libshutdown$$00000004  c_w.l(libshutdown2.o)
    0x08000246   0x08000246   0x00000000   Code   RO        15621    .ARM.Collect$$libshutdown$$00000007  c_w.l(libshutdown2.o)
    0x08000246   0x08000246   0x00000000   Code   RO        15624    .ARM.Collect$$libshutdown$$0000000A  c_w.l(libshutdown2.o)
    0x08000246   0x08000246   0x00000000   Code   RO        15626    .ARM.Collect$$libshutdown$$0000000C  c_w.l(libshutdown2.o)
    0x08000246   0x08000246   0x00000000   Code   RO        15629    .ARM.Collect$$libshutdown$$0000000F  c_w.l(libshutdown2.o)
    0x08000246   0x08000246   0x00000002   Code   RO        15630    .ARM.Collect$$libshutdown$$00000010  c_w.l(libshutdown2.o)
    0x08000248   0x08000248   0x00000000   Code   RO        15394    .ARM.Collect$$rtentry$$00000000  c_w.l(__rtentry.o)
    0x08000248   0x08000248   0x00000000   Code   RO        15469    .ARM.Collect$$rtentry$$00000002  c_w.l(__rtentry2.o)
    0x08000248   0x08000248   0x00000006   Code   RO        15481    .ARM.Collect$$rtentry$$00000004  c_w.l(__rtentry4.o)
    0x0800024e   0x0800024e   0x00000000   Code   RO        15471    .ARM.Collect$$rtentry$$00000009  c_w.l(__rtentry2.o)
    0x0800024e   0x0800024e   0x00000004   Code   RO        15472    .ARM.Collect$$rtentry$$0000000A  c_w.l(__rtentry2.o)
    0x08000252   0x08000252   0x00000000   Code   RO        15474    .ARM.Collect$$rtentry$$0000000C  c_w.l(__rtentry2.o)
    0x08000252   0x08000252   0x00000008   Code   RO        15475    .ARM.Collect$$rtentry$$0000000D  c_w.l(__rtentry2.o)
    0x0800025a   0x0800025a   0x00000002   Code   RO        15507    .ARM.Collect$$rtexit$$00000000  c_w.l(rtexit.o)
    0x0800025c   0x0800025c   0x00000000   Code   RO        15563    .ARM.Collect$$rtexit$$00000002  c_w.l(rtexit2.o)
    0x0800025c   0x0800025c   0x00000004   Code   RO        15564    .ARM.Collect$$rtexit$$00000003  c_w.l(rtexit2.o)
    0x08000260   0x08000260   0x00000006   Code   RO        15565    .ARM.Collect$$rtexit$$00000004  c_w.l(rtexit2.o)
    0x08000266   0x08000266   0x00000002   PAD
    0x08000268   0x08000268   0x000000be   Code   RO         6245    .emb_text           port.o
    0x08000326   0x08000326   0x00000002   PAD
    0x08000328   0x08000328   0x00000040   Code   RO            4    .text               startup_stm32f407xx.o
    0x08000368   0x08000368   0x000000ee   Code   RO        15158    .text               c_w.l(lludivv7m.o)
    0x08000456   0x08000456   0x00000064   Code   RO        15168    .text               c_w.l(rt_memcpy_w.o)
    0x080004ba   0x080004ba   0x00000044   Code   RO        15172    .text               c_w.l(rt_memclr.o)
    0x080004fe   0x080004fe   0x0000004e   Code   RO        15174    .text               c_w.l(rt_memclr_w.o)
    0x0800054c   0x0800054c   0x00000006   Code   RO        15176    .text               c_w.l(heapauxi.o)
    0x08000552   0x08000552   0x00000016   Code   RO        15399    .text               c_w.l(_rserrno.o)
    0x08000568   0x08000568   0x00000008   Code   RO        15488    .text               c_w.l(rt_errno_addr_intlibspace.o)
    0x08000570   0x08000570   0x00000008   Code   RO        15490    .text               c_w.l(libspace.o)
    0x08000578   0x08000578   0x0000004a   Code   RO        15493    .text               c_w.l(sys_stackheap_outer.o)
    0x080005c2   0x080005c2   0x00000012   Code   RO        15495    .text               c_w.l(exit.o)
    0x080005d4   0x080005d4   0x0000000c   Code   RO        15560    .text               c_w.l(sys_exit.o)
    0x080005e0   0x080005e0   0x00000002   Code   RO        15579    .text               c_w.l(use_no_semi.o)
    0x080005e2   0x080005e2   0x00000000   Code   RO        15581    .text               c_w.l(indicate_semi.o)
    0x080005e2   0x080005e2   0x00000002   PAD
    0x080005e4   0x080005e4   0x00000014   Code   RO         8124    i.BMI088_ACCEL_NS_H  bmi088middleware.o
    0x080005f8   0x080005f8   0x00000014   Code   RO         8125    i.BMI088_ACCEL_NS_L  bmi088middleware.o
    0x0800060c   0x0800060c   0x00000002   Code   RO         8126    i.BMI088_GPIO_init  bmi088middleware.o
    0x0800060e   0x0800060e   0x00000002   PAD
    0x08000610   0x08000610   0x00000014   Code   RO         8127    i.BMI088_GYRO_NS_H  bmi088middleware.o
    0x08000624   0x08000624   0x00000014   Code   RO         8128    i.BMI088_GYRO_NS_L  bmi088middleware.o
    0x08000638   0x08000638   0x00000002   Code   RO         8129    i.BMI088_com_init   bmi088middleware.o
    0x0800063a   0x0800063a   0x0000001a   Code   RO         8130    i.BMI088_delay_ms   bmi088middleware.o
    0x08000654   0x08000654   0x0000004a   Code   RO         8131    i.BMI088_delay_us   bmi088middleware.o
    0x0800069e   0x0800069e   0x0000001c   Code   RO         8058    i.BMI088_init       bmi088driver.o
    0x080006ba   0x080006ba   0x00000002   PAD
    0x080006bc   0x080006bc   0x0000017c   Code   RO         8059    i.BMI088_read       bmi088driver.o
    0x08000838   0x08000838   0x00000026   Code   RO         8060    i.BMI088_read_muli_reg  bmi088driver.o
    0x0800085e   0x0800085e   0x00000018   Code   RO         8061    i.BMI088_read_single_reg  bmi088driver.o
    0x08000876   0x08000876   0x00000002   PAD
    0x08000878   0x08000878   0x00000020   Code   RO         8132    i.BMI088_read_write_byte  bmi088middleware.o
    0x08000898   0x08000898   0x00000014   Code   RO         8062    i.BMI088_write_single_reg  bmi088driver.o
    0x080008ac   0x080008ac   0x00000004   Code   RO          684    i.BusFault_Handler  stm32f4xx_it.o
    0x080008b0   0x080008b0   0x00000018   Code   RO         8428    i.Buzzer_init       buzzer.o
    0x080008c8   0x080008c8   0x00000010   Code   RO          685    i.CAN1_RX0_IRQHandler  stm32f4xx_it.o
    0x080008d8   0x080008d8   0x00000010   Code   RO          686    i.CAN2_RX0_IRQHandler  stm32f4xx_it.o
    0x080008e8   0x080008e8   0x00000044   Code   RO          997    i.CDC_Control_HS    usbd_cdc_if.o
    0x0800092c   0x0800092c   0x00000004   Code   RO          998    i.CDC_DeInit_HS     usbd_cdc_if.o
    0x08000930   0x08000930   0x00000024   Code   RO          999    i.CDC_Init_HS       usbd_cdc_if.o
    0x08000954   0x08000954   0x0000001c   Code   RO         1000    i.CDC_Receive_HS    usbd_cdc_if.o
    0x08000970   0x08000970   0x0000000c   Code   RO         1001    i.CDC_TransmitCplt_HS  usbd_cdc_if.o
    0x0800097c   0x0800097c   0x00000010   Code   RO          687    i.DMA1_Stream1_IRQHandler  stm32f4xx_it.o
    0x0800098c   0x0800098c   0x00000010   Code   RO          688    i.DMA2_Stream1_IRQHandler  stm32f4xx_it.o
    0x0800099c   0x0800099c   0x00000010   Code   RO          689    i.DMA2_Stream6_IRQHandler  stm32f4xx_it.o
    0x080009ac   0x080009ac   0x00000034   Code   RO         3345    i.DMA_CalcBaseAndBitshift  stm32f4xx_hal_dma.o
    0x080009e0   0x080009e0   0x000000aa   Code   RO         3346    i.DMA_CheckFifoParam  stm32f4xx_hal_dma.o
    0x08000a8a   0x08000a8a   0x0000002c   Code   RO         3347    i.DMA_SetConfig     stm32f4xx_hal_dma.o
    0x08000ab6   0x08000ab6   0x00000002   Code   RO          690    i.DebugMon_Handler  stm32f4xx_it.o
    0x08000ab8   0x08000ab8   0x000000a8   Code   RO         7236    i.Disable_Motor     dm_can_io.o
    0x08000b60   0x08000b60   0x000000a8   Code   RO         7237    i.Enable_Motor      dm_can_io.o
    0x08000c08   0x08000c08   0x00000006   Code   RO           13    i.Error_Handler     main.o
    0x08000c0e   0x08000c0e   0x00000002   PAD
    0x08000c10   0x08000c10   0x0000000c   Code   RO         7676    i.Get_Pitch         quaternionekf.o
    0x08000c1c   0x08000c1c   0x0000000c   Code   RO         7677    i.Get_Roll          quaternionekf.o
    0x08000c28   0x08000c28   0x00000034   Code   RO          907    i.Get_SerialNum     usbd_desc.o
    0x08000c5c   0x08000c5c   0x0000000c   Code   RO         7678    i.Get_Yaw           quaternionekf.o
    0x08000c68   0x08000c68   0x0000002a   Code   RO         4042    i.HAL_CAN_ActivateNotification  stm32f4xx_hal_can.o
    0x08000c92   0x08000c92   0x0000014a   Code   RO         4043    i.HAL_CAN_AddTxMessage  stm32f4xx_hal_can.o
    0x08000ddc   0x08000ddc   0x00000120   Code   RO         4044    i.HAL_CAN_ConfigFilter  stm32f4xx_hal_can.o
    0x08000efc   0x08000efc   0x00000002   Code   RO         4047    i.HAL_CAN_ErrorCallback  stm32f4xx_hal_can.o
    0x08000efe   0x08000efe   0x00000194   Code   RO         4050    i.HAL_CAN_GetRxMessage  stm32f4xx_hal_can.o
    0x08001092   0x08001092   0x0000024e   Code   RO         4054    i.HAL_CAN_IRQHandler  stm32f4xx_hal_can.o
    0x080012e0   0x080012e0   0x00000174   Code   RO         4055    i.HAL_CAN_Init      stm32f4xx_hal_can.o
    0x08001454   0x08001454   0x00000160   Code   RO          438    i.HAL_CAN_MspInit   can.o
    0x080015b4   0x080015b4   0x00000002   Code   RO         4062    i.HAL_CAN_RxFifo0FullCallback  stm32f4xx_hal_can.o
    0x080015b6   0x080015b6   0x00000002   PAD
    0x080015b8   0x080015b8   0x00000138   Code   RO         7238    i.HAL_CAN_RxFifo0MsgPendingCallback  dm_can_io.o
    0x080016f0   0x080016f0   0x00000002   Code   RO         4064    i.HAL_CAN_RxFifo1FullCallback  stm32f4xx_hal_can.o
    0x080016f2   0x080016f2   0x00000002   Code   RO         4065    i.HAL_CAN_RxFifo1MsgPendingCallback  stm32f4xx_hal_can.o
    0x080016f4   0x080016f4   0x00000002   Code   RO         4066    i.HAL_CAN_SleepCallback  stm32f4xx_hal_can.o
    0x080016f6   0x080016f6   0x0000005e   Code   RO         4067    i.HAL_CAN_Start     stm32f4xx_hal_can.o
    0x08001754   0x08001754   0x00000002   Code   RO         4069    i.HAL_CAN_TxMailbox0AbortCallback  stm32f4xx_hal_can.o
    0x08001756   0x08001756   0x00000002   Code   RO         4070    i.HAL_CAN_TxMailbox0CompleteCallback  stm32f4xx_hal_can.o
    0x08001758   0x08001758   0x00000002   Code   RO         4071    i.HAL_CAN_TxMailbox1AbortCallback  stm32f4xx_hal_can.o
    0x0800175a   0x0800175a   0x00000002   Code   RO         4072    i.HAL_CAN_TxMailbox1CompleteCallback  stm32f4xx_hal_can.o
    0x0800175c   0x0800175c   0x00000002   Code   RO         4073    i.HAL_CAN_TxMailbox2AbortCallback  stm32f4xx_hal_can.o
    0x0800175e   0x0800175e   0x00000002   Code   RO         4074    i.HAL_CAN_TxMailbox2CompleteCallback  stm32f4xx_hal_can.o
    0x08001760   0x08001760   0x00000002   Code   RO         4076    i.HAL_CAN_WakeUpFromRxMsgCallback  stm32f4xx_hal_can.o
    0x08001762   0x08001762   0x000000ac   Code   RO         3348    i.HAL_DMA_Abort     stm32f4xx_hal_dma.o
    0x0800180e   0x0800180e   0x00000028   Code   RO         3349    i.HAL_DMA_Abort_IT  stm32f4xx_hal_dma.o
    0x08001836   0x08001836   0x00000002   PAD
    0x08001838   0x08001838   0x00000240   Code   RO         3353    i.HAL_DMA_IRQHandler  stm32f4xx_hal_dma.o
    0x08001a78   0x08001a78   0x000000ec   Code   RO         3354    i.HAL_DMA_Init      stm32f4xx_hal_dma.o
    0x08001b64   0x08001b64   0x00000092   Code   RO         3358    i.HAL_DMA_Start_IT  stm32f4xx_hal_dma.o
    0x08001bf6   0x08001bf6   0x00000002   PAD
    0x08001bf8   0x08001bf8   0x00000028   Code   RO         3790    i.HAL_Delay         stm32f4xx_hal.o
    0x08001c20   0x08001c20   0x000001f4   Code   RO         3241    i.HAL_GPIO_Init     stm32f4xx_hal_gpio.o
    0x08001e14   0x08001e14   0x0000000c   Code   RO         3245    i.HAL_GPIO_WritePin  stm32f4xx_hal_gpio.o
    0x08001e20   0x08001e20   0x0000000c   Code   RO         3796    i.HAL_GetTick       stm32f4xx_hal.o
    0x08001e2c   0x08001e2c   0x00000018   Code   RO         3802    i.HAL_IncTick       stm32f4xx_hal.o
    0x08001e44   0x08001e44   0x0000003c   Code   RO         3803    i.HAL_Init          stm32f4xx_hal.o
    0x08001e80   0x08001e80   0x000000b4   Code   RO          820    i.HAL_InitTick      stm32f4xx_hal_timebase_tim.o
    0x08001f34   0x08001f34   0x00000054   Code   RO          796    i.HAL_MspInit       stm32f4xx_hal_msp.o
    0x08001f88   0x08001f88   0x00000028   Code   RO         3633    i.HAL_NVIC_EnableIRQ  stm32f4xx_hal_cortex.o
    0x08001fb0   0x08001fb0   0x0000007c   Code   RO         3639    i.HAL_NVIC_SetPriority  stm32f4xx_hal_cortex.o
    0x0800202c   0x0800202c   0x00000028   Code   RO         3640    i.HAL_NVIC_SetPriorityGrouping  stm32f4xx_hal_cortex.o
    0x08002054   0x08002054   0x00000002   Code   RO         2489    i.HAL_PCDEx_LPM_Callback  stm32f4xx_hal_pcd_ex.o
    0x08002056   0x08002056   0x0000000a   Code   RO         2490    i.HAL_PCDEx_SetRxFiFo  stm32f4xx_hal_pcd_ex.o
    0x08002060   0x08002060   0x0000004e   Code   RO         2491    i.HAL_PCDEx_SetTxFiFo  stm32f4xx_hal_pcd_ex.o
    0x080020ae   0x080020ae   0x0000000e   Code   RO         1054    i.HAL_PCD_ConnectCallback  usbd_conf.o
    0x080020bc   0x080020bc   0x00000020   Code   RO         1055    i.HAL_PCD_DataInStageCallback  usbd_conf.o
    0x080020dc   0x080020dc   0x00000020   Code   RO         1056    i.HAL_PCD_DataOutStageCallback  usbd_conf.o
    0x080020fc   0x080020fc   0x0000000e   Code   RO         1057    i.HAL_PCD_DisconnectCallback  usbd_conf.o
    0x0800210a   0x0800210a   0x00000042   Code   RO         2254    i.HAL_PCD_EP_Abort  stm32f4xx_hal_pcd.o
    0x0800214c   0x0800214c   0x0000006a   Code   RO         2255    i.HAL_PCD_EP_Close  stm32f4xx_hal_pcd.o
    0x080021b6   0x080021b6   0x0000007c   Code   RO         2256    i.HAL_PCD_EP_ClrStall  stm32f4xx_hal_pcd.o
    0x08002232   0x08002232   0x00000016   Code   RO         2258    i.HAL_PCD_EP_GetRxCount  stm32f4xx_hal_pcd.o
    0x08002248   0x08002248   0x0000008e   Code   RO         2259    i.HAL_PCD_EP_Open   stm32f4xx_hal_pcd.o
    0x080022d6   0x080022d6   0x00000046   Code   RO         2260    i.HAL_PCD_EP_Receive  stm32f4xx_hal_pcd.o
    0x0800231c   0x0800231c   0x0000008a   Code   RO         2261    i.HAL_PCD_EP_SetStall  stm32f4xx_hal_pcd.o
    0x080023a6   0x080023a6   0x00000048   Code   RO         2262    i.HAL_PCD_EP_Transmit  stm32f4xx_hal_pcd.o
    0x080023ee   0x080023ee   0x000006ca   Code   RO         2264    i.HAL_PCD_IRQHandler  stm32f4xx_hal_pcd.o
    0x08002ab8   0x08002ab8   0x00000012   Code   RO         1058    i.HAL_PCD_ISOINIncompleteCallback  usbd_conf.o
    0x08002aca   0x08002aca   0x00000012   Code   RO         1059    i.HAL_PCD_ISOOUTIncompleteCallback  usbd_conf.o
    0x08002adc   0x08002adc   0x0000015e   Code   RO         2267    i.HAL_PCD_Init      stm32f4xx_hal_pcd.o
    0x08002c3a   0x08002c3a   0x00000002   PAD
    0x08002c3c   0x08002c3c   0x00000094   Code   RO         1061    i.HAL_PCD_MspInit   usbd_conf.o
    0x08002cd0   0x08002cd0   0x00000030   Code   RO         1062    i.HAL_PCD_ResetCallback  usbd_conf.o
    0x08002d00   0x08002d00   0x0000000e   Code   RO         1063    i.HAL_PCD_ResumeCallback  usbd_conf.o
    0x08002d0e   0x08002d0e   0x0000000e   Code   RO         1064    i.HAL_PCD_SOFCallback  usbd_conf.o
    0x08002d1c   0x08002d1c   0x00000034   Code   RO         2273    i.HAL_PCD_SetAddress  stm32f4xx_hal_pcd.o
    0x08002d50   0x08002d50   0x00000012   Code   RO         1065    i.HAL_PCD_SetupStageCallback  usbd_conf.o
    0x08002d62   0x08002d62   0x0000004c   Code   RO         2276    i.HAL_PCD_Start     stm32f4xx_hal_pcd.o
    0x08002dae   0x08002dae   0x00000002   PAD
    0x08002db0   0x08002db0   0x00000034   Code   RO         1066    i.HAL_PCD_SuspendCallback  usbd_conf.o
    0x08002de4   0x08002de4   0x00000184   Code   RO         2842    i.HAL_RCC_ClockConfig  stm32f4xx_hal_rcc.o
    0x08002f68   0x08002f68   0x00000044   Code   RO         2846    i.HAL_RCC_GetClockConfig  stm32f4xx_hal_rcc.o
    0x08002fac   0x08002fac   0x0000000c   Code   RO         2847    i.HAL_RCC_GetHCLKFreq  stm32f4xx_hal_rcc.o
    0x08002fb8   0x08002fb8   0x00000020   Code   RO         2849    i.HAL_RCC_GetPCLK1Freq  stm32f4xx_hal_rcc.o
    0x08002fd8   0x08002fd8   0x00000020   Code   RO         2850    i.HAL_RCC_GetPCLK2Freq  stm32f4xx_hal_rcc.o
    0x08002ff8   0x08002ff8   0x000000b0   Code   RO         2851    i.HAL_RCC_GetSysClockFreq  stm32f4xx_hal_rcc.o
    0x080030a8   0x080030a8   0x0000049c   Code   RO         2854    i.HAL_RCC_OscConfig  stm32f4xx_hal_rcc.o
    0x08003544   0x08003544   0x000000c8   Code   RO         4286    i.HAL_SPI_Init      stm32f4xx_hal_spi.o
    0x0800360c   0x0800360c   0x000000c4   Code   RO          511    i.HAL_SPI_MspInit   spi.o
    0x080036d0   0x080036d0   0x00000248   Code   RO         4295    i.HAL_SPI_TransmitReceive  stm32f4xx_hal_spi.o
    0x08003918   0x08003918   0x00000002   Code   RO         1978    i.HAL_TIMEx_BreakCallback  stm32f4xx_hal_tim_ex.o
    0x0800391a   0x0800391a   0x00000002   Code   RO         1979    i.HAL_TIMEx_CommutCallback  stm32f4xx_hal_tim_ex.o
    0x0800391c   0x0800391c   0x00000074   Code   RO         1981    i.HAL_TIMEx_ConfigBreakDeadTime  stm32f4xx_hal_tim_ex.o
    0x08003990   0x08003990   0x000000b4   Code   RO         1997    i.HAL_TIMEx_MasterConfigSynchronization  stm32f4xx_hal_tim_ex.o
    0x08003a44   0x08003a44   0x00000066   Code   RO         1263    i.HAL_TIM_Base_Init  stm32f4xx_hal_tim.o
    0x08003aaa   0x08003aaa   0x00000002   PAD
    0x08003aac   0x08003aac   0x00000034   Code   RO          553    i.HAL_TIM_Base_MspInit  tim.o
    0x08003ae0   0x08003ae0   0x000000a8   Code   RO         1268    i.HAL_TIM_Base_Start_IT  stm32f4xx_hal_tim.o
    0x08003b88   0x08003b88   0x00000002   Code   RO         1297    i.HAL_TIM_IC_CaptureCallback  stm32f4xx_hal_tim.o
    0x08003b8a   0x08003b8a   0x0000016c   Code   RO         1311    i.HAL_TIM_IRQHandler  stm32f4xx_hal_tim.o
    0x08003cf6   0x08003cf6   0x00000002   PAD
    0x08003cf8   0x08003cf8   0x000000fc   Code   RO          554    i.HAL_TIM_MspPostInit  tim.o
    0x08003df4   0x08003df4   0x00000070   Code   RO         1312    i.HAL_TIM_OC_ConfigChannel  stm32f4xx_hal_tim.o
    0x08003e64   0x08003e64   0x00000002   Code   RO         1314    i.HAL_TIM_OC_DelayElapsedCallback  stm32f4xx_hal_tim.o
    0x08003e66   0x08003e66   0x00000066   Code   RO         1316    i.HAL_TIM_OC_Init   stm32f4xx_hal_tim.o
    0x08003ecc   0x08003ecc   0x00000048   Code   RO          556    i.HAL_TIM_OC_MspInit  tim.o
    0x08003f14   0x08003f14   0x00000104   Code   RO         1335    i.HAL_TIM_PWM_ConfigChannel  stm32f4xx_hal_tim.o
    0x08004018   0x08004018   0x00000066   Code   RO         1338    i.HAL_TIM_PWM_Init  stm32f4xx_hal_tim.o
    0x0800407e   0x0800407e   0x00000002   PAD
    0x08004080   0x08004080   0x00000034   Code   RO          558    i.HAL_TIM_PWM_MspInit  tim.o
    0x080040b4   0x080040b4   0x00000002   Code   RO         1341    i.HAL_TIM_PWM_PulseFinishedCallback  stm32f4xx_hal_tim.o
    0x080040b6   0x080040b6   0x00000002   PAD
    0x080040b8   0x080040b8   0x0000010c   Code   RO         1343    i.HAL_TIM_PWM_Start  stm32f4xx_hal_tim.o
    0x080041c4   0x080041c4   0x00000018   Code   RO           14    i.HAL_TIM_PeriodElapsedCallback  main.o
    0x080041dc   0x080041dc   0x00000002   Code   RO         1354    i.HAL_TIM_TriggerCallback  stm32f4xx_hal_tim.o
    0x080041de   0x080041de   0x00000070   Code   RO         4607    i.HAL_UARTEx_ReceiveToIdle_DMA  stm32f4xx_hal_uart.o
    0x0800424e   0x0800424e   0x00000002   PAD
    0x08004250   0x08004250   0x0000004c   Code   RO         8357    i.HAL_UARTEx_RxEventCallback  remoter.o
    0x0800429c   0x0800429c   0x00000038   Code   RO         8358    i.HAL_UART_ErrorCallback  remoter.o
    0x080042d4   0x080042d4   0x00000308   Code   RO         4626    i.HAL_UART_IRQHandler  stm32f4xx_hal_uart.o
    0x080045dc   0x080045dc   0x00000076   Code   RO         4627    i.HAL_UART_Init     stm32f4xx_hal_uart.o
    0x08004652   0x08004652   0x00000002   PAD
    0x08004654   0x08004654   0x000001e4   Code   RO          637    i.HAL_UART_MspInit  usart.o
    0x08004838   0x08004838   0x00000002   Code   RO         4633    i.HAL_UART_RxCpltCallback  stm32f4xx_hal_uart.o
    0x0800483a   0x0800483a   0x00000002   Code   RO         4634    i.HAL_UART_RxHalfCpltCallback  stm32f4xx_hal_uart.o
    0x0800483c   0x0800483c   0x0000009c   Code   RO         4636    i.HAL_UART_Transmit_DMA  stm32f4xx_hal_uart.o
    0x080048d8   0x080048d8   0x00000002   Code   RO         4638    i.HAL_UART_TxCpltCallback  stm32f4xx_hal_uart.o
    0x080048da   0x080048da   0x00000002   Code   RO         4639    i.HAL_UART_TxHalfCpltCallback  stm32f4xx_hal_uart.o
    0x080048dc   0x080048dc   0x000000c8   Code   RO         8359    i.HT_10A_outline_Detection  remoter.o
    0x080049a4   0x080049a4   0x00000130   Code   RO         7548    i.H_K_R_Adjustment  kalman_filter.o
    0x08004ad4   0x08004ad4   0x00000004   Code   RO          691    i.HardFault_Handler  stm32f4xx_it.o
    0x08004ad8   0x08004ad8   0x00000208   Code   RO         7679    i.IMU_QuaternionEKF_F_Linearization_P_Fading  quaternionekf.o
    0x08004ce0   0x08004ce0   0x00000138   Code   RO         7680    i.IMU_QuaternionEKF_Init  quaternionekf.o
    0x08004e18   0x08004e18   0x00000034   Code   RO         7681    i.IMU_QuaternionEKF_Observe  quaternionekf.o
    0x08004e4c   0x08004e4c   0x000000f8   Code   RO         7683    i.IMU_QuaternionEKF_SetH  quaternionekf.o
    0x08004f44   0x08004f44   0x000005d8   Code   RO         7684    i.IMU_QuaternionEKF_Update  quaternionekf.o
    0x0800551c   0x0800551c   0x000004dc   Code   RO         7685    i.IMU_QuaternionEKF_xhatUpdate  quaternionekf.o
    0x080059f8   0x080059f8   0x0000005c   Code   RO         7986    i.IMU_Temperature_Ctrl  imu_temp_ctrl.o
    0x08005a54   0x08005a54   0x00000012   Code   RO         7987    i.IMU_task          imu_temp_ctrl.o
    0x08005a66   0x08005a66   0x00000002   PAD
    0x08005a68   0x08005a68   0x00000044   Code   RO         7988    i.INS_Init          imu_temp_ctrl.o
    0x08005aac   0x08005aac   0x00000264   Code   RO         7989    i.INS_Task          imu_temp_ctrl.o
    0x08005d10   0x08005d10   0x0000003e   Code   RO          908    i.IntToUnicode      usbd_desc.o
    0x08005d4e   0x08005d4e   0x00000002   PAD
    0x08005d50   0x08005d50   0x000007a0   Code   RO         7549    i.Kalman_Filter_Init  kalman_filter.o
    0x080064f0   0x080064f0   0x00000050   Code   RO         7550    i.Kalman_Filter_Measure  kalman_filter.o
    0x08006540   0x08006540   0x00000068   Code   RO         7551    i.Kalman_Filter_P_Update  kalman_filter.o
    0x080065a8   0x080065a8   0x00000068   Code   RO         7552    i.Kalman_Filter_PminusUpdate  kalman_filter.o
    0x08006610   0x08006610   0x000000d2   Code   RO         7554    i.Kalman_Filter_SetK  kalman_filter.o
    0x080066e2   0x080066e2   0x00000002   PAD
    0x080066e4   0x080066e4   0x00000128   Code   RO         7555    i.Kalman_Filter_Update  kalman_filter.o
    0x0800680c   0x0800680c   0x0000007c   Code   RO         7556    i.Kalman_Filter_xhatMinusUpdate  kalman_filter.o
    0x08006888   0x08006888   0x00000086   Code   RO         7557    i.Kalman_Filter_xhatUpdate  kalman_filter.o
    0x0800690e   0x0800690e   0x00000002   PAD
    0x08006910   0x08006910   0x00000454   Code   RO         8545    i.Lie_Down          lie_down.o
    0x08006d64   0x08006d64   0x00000158   Code   RO         7239    i.MIT_CtrlMotor     dm_can_io.o
    0x08006ebc   0x08006ebc   0x0000004c   Code   RO          439    i.MX_CAN1_Init      can.o
    0x08006f08   0x08006f08   0x0000004c   Code   RO          440    i.MX_CAN2_Init      can.o
    0x08006f54   0x08006f54   0x00000078   Code   RO          486    i.MX_DMA_Init       dma.o
    0x08006fcc   0x08006fcc   0x0000007c   Code   RO          367    i.MX_FREERTOS_Init  freertos.o
    0x08007048   0x08007048   0x00000110   Code   RO          342    i.MX_GPIO_Init      gpio.o
    0x08007158   0x08007158   0x00000048   Code   RO          512    i.MX_SPI1_Init      spi.o
    0x080071a0   0x080071a0   0x0000006c   Code   RO          559    i.MX_TIM10_Init     tim.o
    0x0800720c   0x0800720c   0x0000007c   Code   RO          560    i.MX_TIM4_Init      tim.o
    0x08007288   0x08007288   0x000000ac   Code   RO          561    i.MX_TIM8_Init      tim.o
    0x08007334   0x08007334   0x00000040   Code   RO          638    i.MX_USART3_UART_Init  usart.o
    0x08007374   0x08007374   0x00000038   Code   RO          639    i.MX_USART6_UART_Init  usart.o
    0x080073ac   0x080073ac   0x0000004c   Code   RO          859    i.MX_USB_DEVICE_Init  usb_device.o
    0x080073f8   0x080073f8   0x000002cc   Code   RO         8274    i.MahonyAHRSinit    mahonyahrs.o
    0x080076c4   0x080076c4   0x00000364   Code   RO         8275    i.MahonyAHRSupdateIMU  mahonyahrs.o
    0x08007a28   0x08007a28   0x00000094   Code   RO         8276    i.Mahony_Init       mahonyahrs.o
    0x08007abc   0x08007abc   0x0000012c   Code   RO         8277    i.Mahony_computeAngles  mahonyahrs.o
    0x08007be8   0x08007be8   0x00000050   Code   RO         8278    i.Mahony_invSqrt    mahonyahrs.o
    0x08007c38   0x08007c38   0x0000060c   Code   RO         8279    i.Mahony_update     mahonyahrs.o
    0x08008244   0x08008244   0x00000004   Code   RO          692    i.MemManage_Handler  stm32f4xx_it.o
    0x08008248   0x08008248   0x00000004   Code   RO          693    i.NMI_Handler       stm32f4xx_it.o
    0x0800824c   0x0800824c   0x00000010   Code   RO          694    i.OTG_HS_IRQHandler  stm32f4xx_it.o
    0x0800825c   0x0800825c   0x00000064   Code   RO         2280    i.PCD_EP_OutSetupPacket_int  stm32f4xx_hal_pcd.o
    0x080082c0   0x080082c0   0x00000144   Code   RO         2281    i.PCD_EP_OutXfrComplete_int  stm32f4xx_hal_pcd.o
    0x08008404   0x08008404   0x000000b6   Code   RO         2282    i.PCD_WriteEmptyTxFifo  stm32f4xx_hal_pcd.o
    0x080084ba   0x080084ba   0x00000002   PAD
    0x080084bc   0x080084bc   0x000001f0   Code   RO         7637    i.PID_calc          pid.o
    0x080086ac   0x080086ac   0x00000068   Code   RO         8360    i.Remoter_Init      remoter.o
    0x08008714   0x08008714   0x00000088   Code   RO         4324    i.SPI_EndRxTxTransaction  stm32f4xx_hal_spi.o
    0x0800879c   0x0800879c   0x000000d8   Code   RO         4329    i.SPI_WaitFlagStateUntilTimeout  stm32f4xx_hal_spi.o
    0x08008874   0x08008874   0x00000012   Code   RO         6487    i.SWAPBYTE          usbd_ctlreq.o
    0x08008886   0x08008886   0x00000002   PAD
    0x08008888   0x08008888   0x000002c8   Code   RO         8361    i.Sbus_Data_Count   remoter.o
    0x08008b50   0x08008b50   0x0000000e   Code   RO          368    i.StartDefaultTask  freertos.o
    0x08008b5e   0x08008b5e   0x00000002   PAD
    0x08008b60   0x08008b60   0x00000034   Code   RO         6246    i.SysTick_Handler   port.o
    0x08008b94   0x08008b94   0x000000b4   Code   RO           15    i.SystemClock_Config  main.o
    0x08008c48   0x08008c48   0x00000014   Code   RO         4971    i.SystemInit        system_stm32f4xx.o
    0x08008c5c   0x08008c5c   0x00000018   Code   RO          695    i.TIM8_TRG_COM_TIM14_IRQHandler  stm32f4xx_it.o
    0x08008c74   0x08008c74   0x000000e0   Code   RO         1356    i.TIM_Base_SetConfig  stm32f4xx_hal_tim.o
    0x08008d54   0x08008d54   0x00000022   Code   RO         1357    i.TIM_CCxChannelCmd  stm32f4xx_hal_tim.o
    0x08008d76   0x08008d76   0x00000002   PAD
    0x08008d78   0x08008d78   0x00000070   Code   RO         1369    i.TIM_OC1_SetConfig  stm32f4xx_hal_tim.o
    0x08008de8   0x08008de8   0x0000007c   Code   RO         1370    i.TIM_OC2_SetConfig  stm32f4xx_hal_tim.o
    0x08008e64   0x08008e64   0x00000078   Code   RO         1371    i.TIM_OC3_SetConfig  stm32f4xx_hal_tim.o
    0x08008edc   0x08008edc   0x00000054   Code   RO         1372    i.TIM_OC4_SetConfig  stm32f4xx_hal_tim.o
    0x08008f30   0x08008f30   0x00000012   Code   RO         4640    i.UART_DMAAbortOnError  stm32f4xx_hal_uart.o
    0x08008f42   0x08008f42   0x00000050   Code   RO         4641    i.UART_DMAError     stm32f4xx_hal_uart.o
    0x08008f92   0x08008f92   0x000000b4   Code   RO         4642    i.UART_DMAReceiveCplt  stm32f4xx_hal_uart.o
    0x08009046   0x08009046   0x00000024   Code   RO         4644    i.UART_DMARxHalfCplt  stm32f4xx_hal_uart.o
    0x0800906a   0x0800906a   0x00000058   Code   RO         4646    i.UART_DMATransmitCplt  stm32f4xx_hal_uart.o
    0x080090c2   0x080090c2   0x0000000e   Code   RO         4648    i.UART_DMATxHalfCplt  stm32f4xx_hal_uart.o
    0x080090d0   0x080090d0   0x0000006c   Code   RO         4650    i.UART_EndRxTransfer  stm32f4xx_hal_uart.o
    0x0800913c   0x0800913c   0x00000020   Code   RO         4651    i.UART_EndTransmit_IT  stm32f4xx_hal_uart.o
    0x0800915c   0x0800915c   0x00000026   Code   RO         4652    i.UART_EndTxTransfer  stm32f4xx_hal_uart.o
    0x08009182   0x08009182   0x000000fc   Code   RO         4653    i.UART_Receive_IT   stm32f4xx_hal_uart.o
    0x0800927e   0x0800927e   0x00000002   PAD
    0x08009280   0x08009280   0x0000022c   Code   RO         4654    i.UART_SetConfig    stm32f4xx_hal_uart.o
    0x080094ac   0x080094ac   0x000000d8   Code   RO         4655    i.UART_Start_Receive_DMA  stm32f4xx_hal_uart.o
    0x08009584   0x08009584   0x00000060   Code   RO         4657    i.UART_Transmit_IT  stm32f4xx_hal_uart.o
    0x080095e4   0x080095e4   0x00000010   Code   RO          696    i.USART3_IRQHandler  stm32f4xx_it.o
    0x080095f4   0x080095f4   0x00000010   Code   RO          697    i.USART6_IRQHandler  stm32f4xx_it.o
    0x08009604   0x08009604   0x000000be   Code   RO         6650    i.USBD_CDC_DataIn   usbd_cdc.o
    0x080096c2   0x080096c2   0x00000048   Code   RO         6651    i.USBD_CDC_DataOut  usbd_cdc.o
    0x0800970a   0x0800970a   0x00000002   PAD
    0x0800970c   0x0800970c   0x000000d4   Code   RO         6652    i.USBD_CDC_DeInit   usbd_cdc.o
    0x080097e0   0x080097e0   0x00000050   Code   RO         6653    i.USBD_CDC_EP0_RxReady  usbd_cdc.o
    0x08009830   0x08009830   0x00000010   Code   RO         6654    i.USBD_CDC_GetDeviceQualifierDescriptor  usbd_cdc.o
    0x08009840   0x08009840   0x00000044   Code   RO         6655    i.USBD_CDC_GetFSCfgDesc  usbd_cdc.o
    0x08009884   0x08009884   0x00000048   Code   RO         6656    i.USBD_CDC_GetHSCfgDesc  usbd_cdc.o
    0x080098cc   0x080098cc   0x00000044   Code   RO         6657    i.USBD_CDC_GetOtherSpeedCfgDesc  usbd_cdc.o
    0x08009910   0x08009910   0x000001a0   Code   RO         6658    i.USBD_CDC_Init     usbd_cdc.o
    0x08009ab0   0x08009ab0   0x00000050   Code   RO         6659    i.USBD_CDC_ReceivePacket  usbd_cdc.o
    0x08009b00   0x08009b00   0x00000018   Code   RO         6660    i.USBD_CDC_RegisterInterface  usbd_cdc.o
    0x08009b18   0x08009b18   0x0000001e   Code   RO         6661    i.USBD_CDC_SetRxBuffer  usbd_cdc.o
    0x08009b36   0x08009b36   0x00000024   Code   RO         6662    i.USBD_CDC_SetTxBuffer  usbd_cdc.o
    0x08009b5a   0x08009b5a   0x00000140   Code   RO         6663    i.USBD_CDC_Setup    usbd_cdc.o
    0x08009c9a   0x08009c9a   0x0000001c   Code   RO         6325    i.USBD_ClrClassConfig  usbd_core.o
    0x08009cb6   0x08009cb6   0x0000003e   Code   RO         6488    i.USBD_ClrFeature   usbd_ctlreq.o
    0x08009cf4   0x08009cf4   0x00000006   Code   RO         6326    i.USBD_CoreFindEP   usbd_core.o
    0x08009cfa   0x08009cfa   0x00000006   Code   RO         6327    i.USBD_CoreFindIF   usbd_core.o
    0x08009d00   0x08009d00   0x00000018   Code   RO         6590    i.USBD_CtlContinueRx  usbd_ioreq.o
    0x08009d18   0x08009d18   0x00000018   Code   RO         6591    i.USBD_CtlContinueSendData  usbd_ioreq.o
    0x08009d30   0x08009d30   0x00000018   Code   RO         6489    i.USBD_CtlError     usbd_ctlreq.o
    0x08009d48   0x08009d48   0x0000002e   Code   RO         6592    i.USBD_CtlPrepareRx  usbd_ioreq.o
    0x08009d76   0x08009d76   0x0000001a   Code   RO         6593    i.USBD_CtlReceiveStatus  usbd_ioreq.o
    0x08009d90   0x08009d90   0x00000024   Code   RO         6594    i.USBD_CtlSendData  usbd_ioreq.o
    0x08009db4   0x08009db4   0x0000001a   Code   RO         6595    i.USBD_CtlSendStatus  usbd_ioreq.o
    0x08009dce   0x08009dce   0x00000056   Code   RO         6490    i.USBD_GetConfig    usbd_ctlreq.o
    0x08009e24   0x08009e24   0x000001fc   Code   RO         6491    i.USBD_GetDescriptor  usbd_ctlreq.o
    0x0800a020   0x0800a020   0x00000050   Code   RO         6329    i.USBD_GetEpDesc    usbd_core.o
    0x0800a070   0x0800a070   0x00000016   Code   RO         6492    i.USBD_GetLen       usbd_ctlreq.o
    0x0800a086   0x0800a086   0x00000014   Code   RO         6330    i.USBD_GetNextDesc  usbd_core.o
    0x0800a09a   0x0800a09a   0x0000005a   Code   RO         6493    i.USBD_GetStatus    usbd_ctlreq.o
    0x0800a0f4   0x0800a0f4   0x00000068   Code   RO         6494    i.USBD_GetString    usbd_ctlreq.o
    0x0800a15c   0x0800a15c   0x0000002c   Code   RO         1067    i.USBD_Get_USB_Status  usbd_conf.o
    0x0800a188   0x0800a188   0x00000034   Code   RO          909    i.USBD_HS_ConfigStrDescriptor  usbd_desc.o
    0x0800a1bc   0x0800a1bc   0x00000010   Code   RO          910    i.USBD_HS_DeviceDescriptor  usbd_desc.o
    0x0800a1cc   0x0800a1cc   0x00000038   Code   RO          911    i.USBD_HS_InterfaceStrDescriptor  usbd_desc.o
    0x0800a204   0x0800a204   0x00000010   Code   RO          912    i.USBD_HS_LangIDStrDescriptor  usbd_desc.o
    0x0800a214   0x0800a214   0x0000002c   Code   RO          913    i.USBD_HS_ManufacturerStrDescriptor  usbd_desc.o
    0x0800a240   0x0800a240   0x00000040   Code   RO          914    i.USBD_HS_ProductStrDescriptor  usbd_desc.o
    0x0800a280   0x0800a280   0x00000018   Code   RO          915    i.USBD_HS_SerialStrDescriptor  usbd_desc.o
    0x0800a298   0x0800a298   0x0000003a   Code   RO         6331    i.USBD_Init         usbd_core.o
    0x0800a2d2   0x0800a2d2   0x00000026   Code   RO         1068    i.USBD_LL_ClearStallEP  usbd_conf.o
    0x0800a2f8   0x0800a2f8   0x00000026   Code   RO         1069    i.USBD_LL_CloseEP   usbd_conf.o
    0x0800a31e   0x0800a31e   0x00000110   Code   RO         6332    i.USBD_LL_DataInStage  usbd_core.o
    0x0800a42e   0x0800a42e   0x0000010a   Code   RO         6333    i.USBD_LL_DataOutStage  usbd_core.o
    0x0800a538   0x0800a538   0x00000006   Code   RO         6334    i.USBD_LL_DevConnected  usbd_core.o
    0x0800a53e   0x0800a53e   0x00000026   Code   RO         6335    i.USBD_LL_DevDisconnected  usbd_core.o
    0x0800a564   0x0800a564   0x00000012   Code   RO         1073    i.USBD_LL_GetRxDataSize  usbd_conf.o
    0x0800a576   0x0800a576   0x00000002   PAD
    0x0800a578   0x0800a578   0x00000070   Code   RO         1074    i.USBD_LL_Init      usbd_conf.o
    0x0800a5e8   0x0800a5e8   0x00000038   Code   RO         1075    i.USBD_LL_IsStallEP  usbd_conf.o
    0x0800a620   0x0800a620   0x00000048   Code   RO         6336    i.USBD_LL_IsoINIncomplete  usbd_core.o
    0x0800a668   0x0800a668   0x00000048   Code   RO         6337    i.USBD_LL_IsoOUTIncomplete  usbd_core.o
    0x0800a6b0   0x0800a6b0   0x00000030   Code   RO         1076    i.USBD_LL_OpenEP    usbd_conf.o
    0x0800a6e0   0x0800a6e0   0x00000030   Code   RO         1077    i.USBD_LL_PrepareReceive  usbd_conf.o
    0x0800a710   0x0800a710   0x0000006e   Code   RO         6338    i.USBD_LL_Reset     usbd_core.o
    0x0800a77e   0x0800a77e   0x00000016   Code   RO         6339    i.USBD_LL_Resume    usbd_core.o
    0x0800a794   0x0800a794   0x00000028   Code   RO         6340    i.USBD_LL_SOF       usbd_core.o
    0x0800a7bc   0x0800a7bc   0x00000008   Code   RO         6341    i.USBD_LL_SetSpeed  usbd_core.o
    0x0800a7c4   0x0800a7c4   0x00000026   Code   RO         1078    i.USBD_LL_SetUSBAddress  usbd_conf.o
    0x0800a7ea   0x0800a7ea   0x00000076   Code   RO         6342    i.USBD_LL_SetupStage  usbd_core.o
    0x0800a860   0x0800a860   0x00000026   Code   RO         1079    i.USBD_LL_StallEP   usbd_conf.o
    0x0800a886   0x0800a886   0x0000001e   Code   RO         1080    i.USBD_LL_Start     usbd_conf.o
    0x0800a8a4   0x0800a8a4   0x0000001c   Code   RO         6343    i.USBD_LL_Suspend   usbd_core.o
    0x0800a8c0   0x0800a8c0   0x00000030   Code   RO         1082    i.USBD_LL_Transmit  usbd_conf.o
    0x0800a8f0   0x0800a8f0   0x00000036   Code   RO         6495    i.USBD_ParseSetupRequest  usbd_ctlreq.o
    0x0800a926   0x0800a926   0x00000048   Code   RO         6344    i.USBD_RegisterClass  usbd_core.o
    0x0800a96e   0x0800a96e   0x00000006   Code   RO         6345    i.USBD_RunTestMode  usbd_core.o
    0x0800a974   0x0800a974   0x0000005a   Code   RO         6496    i.USBD_SetAddress   usbd_ctlreq.o
    0x0800a9ce   0x0800a9ce   0x00000020   Code   RO         6346    i.USBD_SetClassConfig  usbd_core.o
    0x0800a9ee   0x0800a9ee   0x00000002   PAD
    0x0800a9f0   0x0800a9f0   0x00000104   Code   RO         6497    i.USBD_SetConfig    usbd_ctlreq.o
    0x0800aaf4   0x0800aaf4   0x00000038   Code   RO         6498    i.USBD_SetFeature   usbd_ctlreq.o
    0x0800ab2c   0x0800ab2c   0x0000000c   Code   RO         6347    i.USBD_Start        usbd_core.o
    0x0800ab38   0x0800ab38   0x000000ae   Code   RO         6499    i.USBD_StdDevReq    usbd_ctlreq.o
    0x0800abe6   0x0800abe6   0x00000284   Code   RO         6500    i.USBD_StdEPReq     usbd_ctlreq.o
    0x0800ae6a   0x0800ae6a   0x000000ae   Code   RO         6501    i.USBD_StdItfReq    usbd_ctlreq.o
    0x0800af18   0x0800af18   0x00000002   Code   RO         1083    i.USBD_static_free  usbd_conf.o
    0x0800af1a   0x0800af1a   0x00000002   PAD
    0x0800af1c   0x0800af1c   0x0000000c   Code   RO         1084    i.USBD_static_malloc  usbd_conf.o
    0x0800af28   0x0800af28   0x000000d0   Code   RO         2531    i.USB_ActivateEndpoint  stm32f4xx_ll_usb.o
    0x0800aff8   0x0800aff8   0x00000028   Code   RO         2533    i.USB_ActivateSetup  stm32f4xx_ll_usb.o
    0x0800b020   0x0800b020   0x0000008c   Code   RO         2535    i.USB_CoreInit      stm32f4xx_ll_usb.o
    0x0800b0ac   0x0800b0ac   0x00000062   Code   RO         2536    i.USB_CoreReset     stm32f4xx_ll_usb.o
    0x0800b10e   0x0800b10e   0x00000002   PAD
    0x0800b110   0x0800b110   0x0000014c   Code   RO         2539    i.USB_DeactivateEndpoint  stm32f4xx_ll_usb.o
    0x0800b25c   0x0800b25c   0x00000024   Code   RO         2540    i.USB_DevConnect    stm32f4xx_ll_usb.o
    0x0800b280   0x0800b280   0x00000024   Code   RO         2541    i.USB_DevDisconnect  stm32f4xx_ll_usb.o
    0x0800b2a4   0x0800b2a4   0x000001e8   Code   RO         2542    i.USB_DevInit       stm32f4xx_ll_usb.o
    0x0800b48c   0x0800b48c   0x0000000e   Code   RO         2543    i.USB_DisableGlobalInt  stm32f4xx_ll_usb.o
    0x0800b49a   0x0800b49a   0x00000002   PAD
    0x0800b49c   0x0800b49c   0x00000070   Code   RO         2546    i.USB_EP0_OutStart  stm32f4xx_ll_usb.o
    0x0800b50c   0x0800b50c   0x0000008e   Code   RO         2547    i.USB_EPClearStall  stm32f4xx_ll_usb.o
    0x0800b59a   0x0800b59a   0x0000009a   Code   RO         2548    i.USB_EPSetStall    stm32f4xx_ll_usb.o
    0x0800b634   0x0800b634   0x000003c0   Code   RO         2549    i.USB_EPStartXfer   stm32f4xx_ll_usb.o
    0x0800b9f4   0x0800b9f4   0x000000ec   Code   RO         2550    i.USB_EPStopXfer    stm32f4xx_ll_usb.o
    0x0800bae0   0x0800bae0   0x0000000e   Code   RO         2551    i.USB_EnableGlobalInt  stm32f4xx_ll_usb.o
    0x0800baee   0x0800baee   0x00000050   Code   RO         2552    i.USB_FlushRxFifo   stm32f4xx_ll_usb.o
    0x0800bb3e   0x0800bb3e   0x00000054   Code   RO         2553    i.USB_FlushTxFifo   stm32f4xx_ll_usb.o
    0x0800bb92   0x0800bb92   0x00000026   Code   RO         2555    i.USB_GetDevSpeed   stm32f4xx_ll_usb.o
    0x0800bbb8   0x0800bbb8   0x0000000a   Code   RO         2557    i.USB_GetMode       stm32f4xx_ll_usb.o
    0x0800bbc2   0x0800bbc2   0x00000014   Code   RO         2565    i.USB_ReadDevAllInEpInterrupt  stm32f4xx_ll_usb.o
    0x0800bbd6   0x0800bbd6   0x00000014   Code   RO         2566    i.USB_ReadDevAllOutEpInterrupt  stm32f4xx_ll_usb.o
    0x0800bbea   0x0800bbea   0x00000032   Code   RO         2567    i.USB_ReadDevInEPInterrupt  stm32f4xx_ll_usb.o
    0x0800bc1c   0x0800bc1c   0x0000001a   Code   RO         2568    i.USB_ReadDevOutEPInterrupt  stm32f4xx_ll_usb.o
    0x0800bc36   0x0800bc36   0x0000000a   Code   RO         2569    i.USB_ReadInterrupts  stm32f4xx_ll_usb.o
    0x0800bc40   0x0800bc40   0x00000060   Code   RO         2570    i.USB_ReadPacket    stm32f4xx_ll_usb.o
    0x0800bca0   0x0800bca0   0x00000068   Code   RO         2572    i.USB_SetCurrentMode  stm32f4xx_ll_usb.o
    0x0800bd08   0x0800bd08   0x0000002a   Code   RO         2573    i.USB_SetDevAddress  stm32f4xx_ll_usb.o
    0x0800bd32   0x0800bd32   0x00000012   Code   RO         2574    i.USB_SetDevSpeed   stm32f4xx_ll_usb.o
    0x0800bd44   0x0800bd44   0x000000e8   Code   RO         2575    i.USB_SetTurnaroundTime  stm32f4xx_ll_usb.o
    0x0800be2c   0x0800be2c   0x00000044   Code   RO         2578    i.USB_WritePacket   stm32f4xx_ll_usb.o
    0x0800be70   0x0800be70   0x00000004   Code   RO          698    i.UsageFault_Handler  stm32f4xx_it.o
    0x0800be74   0x0800be74   0x00000026   Code   RO        15435    i.__ARM_fpclassifyf  m_wm.l(fpclassifyf.o)
    0x0800be9a   0x0800be9a   0x00000002   PAD
    0x0800be9c   0x0800be9c   0x00000010   Code   RO         3646    i.__NVIC_GetPriorityGrouping  stm32f4xx_hal_cortex.o
    0x0800beac   0x0800beac   0x00000028   Code   RO         3647    i.__NVIC_SetPriority  stm32f4xx_hal_cortex.o
    0x0800bed4   0x0800bed4   0x0000012c   Code   RO        15222    i.__hardfp_asinf    m_wm.l(asinf.o)
    0x0800c000   0x0800c000   0x00000250   Code   RO        15234    i.__hardfp_atan2f   m_wm.l(atan2f.o)
    0x0800c250   0x0800c250   0x00000150   Code   RO        15258    i.__hardfp_cosf     m_wm.l(cosf.o)
    0x0800c3a0   0x0800c3a0   0x00000190   Code   RO        15346    i.__hardfp_sinf     m_wm.l(sinf.o)
    0x0800c530   0x0800c530   0x0000003a   Code   RO        15370    i.__hardfp_sqrtf    m_wm.l(sqrtf.o)
    0x0800c56a   0x0800c56a   0x00000006   Code   RO        15438    i.__mathlib_flt_infnan  m_wm.l(funder.o)
    0x0800c570   0x0800c570   0x00000006   Code   RO        15439    i.__mathlib_flt_infnan2  m_wm.l(funder.o)
    0x0800c576   0x0800c576   0x00000002   PAD
    0x0800c578   0x0800c578   0x00000010   Code   RO        15440    i.__mathlib_flt_invalid  m_wm.l(funder.o)
    0x0800c588   0x0800c588   0x00000010   Code   RO        15443    i.__mathlib_flt_underflow  m_wm.l(funder.o)
    0x0800c598   0x0800c598   0x00000154   Code   RO        15459    i.__mathlib_rredf2  m_wm.l(rredf.o)
    0x0800c6ec   0x0800c6ec   0x00000210   Code   RO        10209    i.arm_atan2_f32     fastmathfunctions.o
    0x0800c8fc   0x0800c8fc   0x00000084   Code   RO        10212    i.arm_cos_f32       fastmathfunctions.o
    0x0800c980   0x0800c980   0x0000002a   Code   RO        11600    i.arm_mat_add_f32   matrixfunctions.o
    0x0800c9aa   0x0800c9aa   0x00000008   Code   RO        11611    i.arm_mat_init_f32  matrixfunctions.o
    0x0800c9b2   0x0800c9b2   0x00000002   PAD
    0x0800c9b4   0x0800c9b4   0x000002b8   Code   RO        11615    i.arm_mat_inverse_f32  matrixfunctions.o
    0x0800cc6c   0x0800cc6c   0x00000070   Code   RO        11619    i.arm_mat_mult_f32  matrixfunctions.o
    0x0800ccdc   0x0800ccdc   0x0000002a   Code   RO        11636    i.arm_mat_sub_f32   matrixfunctions.o
    0x0800cd06   0x0800cd06   0x00000032   Code   RO        11640    i.arm_mat_trans_f32  matrixfunctions.o
    0x0800cd38   0x0800cd38   0x00000080   Code   RO        10217    i.arm_sin_f32       fastmathfunctions.o
    0x0800cdb8   0x0800cdb8   0x00000128   Code   RO         8063    i.bmi088_accel_init  bmi088driver.o
    0x0800cee0   0x0800cee0   0x000000f4   Code   RO         8064    i.bmi088_gyro_init  bmi088driver.o
    0x0800cfd4   0x0800cfd4   0x00000058   Code   RO         7303    i.can_filter_init   fliter.o
    0x0800d02c   0x0800d02c   0x000000ec   Code   RO         7240    i.can_outline_detection  dm_can_io.o
    0x0800d118   0x0800d118   0x00000008   Code   RO         6806    i.car_init          init.o
    0x0800d120   0x0800d120   0x0000020c   Code   RO         8362    i.control_code      remoter.o
    0x0800d32c   0x0800d32c   0x000000b8   Code   RO         6776    i.emergency         emergency.o
    0x0800d3e4   0x0800d3e4   0x0000006c   Code   RO         6898    i.fall_detection    out_of_contral_detection.o
    0x0800d450   0x0800d450   0x00000032   Code   RO         7241    i.float_to_uint     dm_can_io.o
    0x0800d482   0x0800d482   0x00000002   PAD
    0x0800d484   0x0800d484   0x00000030   Code   RO         7990    i.gyroscope_outline_detection  imu_temp_ctrl.o
    0x0800d4b4   0x0800d4b4   0x000001d0   Code   RO         7042    i.input_total       panel.o
    0x0800d684   0x0800d684   0x00000034   Code   RO         7686    i.invSqrt           quaternionekf.o
    0x0800d6b8   0x0800d6b8   0x00000034   Code   RO         8283    i.invSqrt           mahonyahrs.o
    0x0800d6ec   0x0800d6ec   0x000006d8   Code   RO         7197    i.left_vmc          vmc.o
    0x0800ddc4   0x0800ddc4   0x00000454   Code   RO         6899    i.left_wheel_acceleration_detection  out_of_contral_detection.o
    0x0800e218   0x0800e218   0x0000009e   Code   RO         6883    i.location_pid      my_maths.o
    0x0800e2b6   0x0800e2b6   0x00000002   PAD
    0x0800e2b8   0x0800e2b8   0x000001bc   Code   RO         7152    i.lqr               virtual_chassis_control.o
    0x0800e474   0x0800e474   0x00000054   Code   RO         7153    i.lqr_pid_parallel  virtual_chassis_control.o
    0x0800e4c8   0x0800e4c8   0x00000060   Code   RO           16    i.main              main.o
    0x0800e528   0x0800e528   0x00000344   Code   RO         6839    i.main_output       main_output.o
    0x0800e86c   0x0800e86c   0x0000000e   Code   RO         5811    i.makeFreeRtosPriority  cmsis_os.o
    0x0800e87a   0x0800e87a   0x00000002   PAD
    0x0800e87c   0x0800e87c   0x0000003c   Code   RO         6807    i.motor_init        init.o
    0x0800e8b8   0x0800e8b8   0x00000018   Code   RO         5813    i.osDelay           cmsis_os.o
    0x0800e8d0   0x0800e8d0   0x0000000a   Code   RO         5816    i.osKernelStart     cmsis_os.o
    0x0800e8da   0x0800e8da   0x0000005e   Code   RO         5850    i.osThreadCreate    cmsis_os.o
    0x0800e938   0x0800e938   0x00000010   Code   RO         6900    i.out_of_contral_detection  out_of_contral_detection.o
    0x0800e948   0x0800e948   0x00000098   Code   RO         5482    i.prvAddCurrentTaskToDelayedList  tasks.o
    0x0800e9e0   0x0800e9e0   0x000000b4   Code   RO         5483    i.prvAddNewTaskToReadyList  tasks.o
    0x0800ea94   0x0800ea94   0x00000048   Code   RO         5484    i.prvCheckTasksWaitingTermination  tasks.o
    0x0800eadc   0x0800eadc   0x00000050   Code   RO         5485    i.prvDeleteTCB      tasks.o
    0x0800eb2c   0x0800eb2c   0x0000007c   Code   RO         6178    i.prvHeapInit       heap_4.o
    0x0800eba8   0x0800eba8   0x00000028   Code   RO         5486    i.prvIdleTask       tasks.o
    0x0800ebd0   0x0800ebd0   0x000000b4   Code   RO         5487    i.prvInitialiseNewTask  tasks.o
    0x0800ec84   0x0800ec84   0x00000068   Code   RO         5488    i.prvInitialiseTaskLists  tasks.o
    0x0800ecec   0x0800ecec   0x00000068   Code   RO         6179    i.prvInsertBlockIntoFreeList  heap_4.o
    0x0800ed54   0x0800ed54   0x00000034   Code   RO         5489    i.prvResetNextTaskUnblockTime  tasks.o
    0x0800ed88   0x0800ed88   0x00000040   Code   RO         6247    i.prvTaskExitError  port.o
    0x0800edc8   0x0800edc8   0x0000014c   Code   RO         6180    i.pvPortMalloc      heap_4.o
    0x0800ef14   0x0800ef14   0x0000002c   Code   RO         6248    i.pxPortInitialiseStack  port.o
    0x0800ef40   0x0800ef40   0x000006b0   Code   RO         7198    i.right_vmc         vmc.o
    0x0800f5f0   0x0800f5f0   0x000003c8   Code   RO         6901    i.right_wheel_acceleration_detection  out_of_contral_detection.o
    0x0800f9b8   0x0800f9b8   0x0000006c   Code   RO         7154    i.roll_pid          virtual_chassis_control.o
    0x0800fa24   0x0800fa24   0x0000003e   Code   RO        15372    i.sqrtf             m_wm.l(sqrtf.o)
    0x0800fa62   0x0800fa62   0x00000002   PAD
    0x0800fa64   0x0800fa64   0x000000a0   Code   RO         6902    i.stable_detection  out_of_contral_detection.o
    0x0800fb04   0x0800fb04   0x0000001a   Code   RO         7116    i.task_100ms        task_define.o
    0x0800fb1e   0x0800fb1e   0x00000002   PAD
    0x0800fb20   0x0800fb20   0x00000190   Code   RO         7117    i.task_1ms          task_define.o
    0x0800fcb0   0x0800fcb0   0x00000034   Code   RO         7242    i.uint_to_float     dm_can_io.o
    0x0800fce4   0x0800fce4   0x00000012   Code   RO         7558    i.user_malloc       kalman_filter.o
    0x0800fcf6   0x0800fcf6   0x00000028   Code   RO         5108    i.uxListRemove      list.o
    0x0800fd1e   0x0800fd1e   0x00000002   PAD
    0x0800fd20   0x0800fd20   0x00000018   Code   RO          371    i.vApplicationGetIdleTaskMemory  freertos.o
    0x0800fd38   0x0800fd38   0x0000001a   Code   RO         5109    i.vListInitialise   list.o
    0x0800fd52   0x0800fd52   0x00000006   Code   RO         5110    i.vListInitialiseItem  list.o
    0x0800fd58   0x0800fd58   0x00000034   Code   RO         5111    i.vListInsert       list.o
    0x0800fd8c   0x0800fd8c   0x00000018   Code   RO         5112    i.vListInsertEnd    list.o
    0x0800fda4   0x0800fda4   0x00000054   Code   RO         6250    i.vPortEnterCritical  port.o
    0x0800fdf8   0x0800fdf8   0x0000003c   Code   RO         6251    i.vPortExitCritical  port.o
    0x0800fe34   0x0800fe34   0x000000a4   Code   RO         6181    i.vPortFree         heap_4.o
    0x0800fed8   0x0800fed8   0x00000028   Code   RO         6252    i.vPortSetupTimerInterrupt  port.o
    0x0800ff00   0x0800ff00   0x0000005c   Code   RO         5498    i.vTaskDelay        tasks.o
    0x0800ff5c   0x0800ff5c   0x000000b0   Code   RO         5511    i.vTaskStartScheduler  tasks.o
    0x0801000c   0x0801000c   0x00000010   Code   RO         5513    i.vTaskSuspendAll   tasks.o
    0x0801001c   0x0801001c   0x0000008c   Code   RO         5514    i.vTaskSwitchContext  tasks.o
    0x080100a8   0x080100a8   0x00000050   Code   RO         7199    i.vmc               vmc.o
    0x080100f8   0x080100f8   0x00000168   Code   RO         6254    i.xPortStartScheduler  port.o
    0x08010260   0x08010260   0x00000064   Code   RO         5517    i.xTaskCreate       tasks.o
    0x080102c4   0x080102c4   0x000000ba   Code   RO         5518    i.xTaskCreateStatic  tasks.o
    0x0801037e   0x0801037e   0x00000002   PAD
    0x08010380   0x08010380   0x00000148   Code   RO         5525    i.xTaskIncrementTick  tasks.o
    0x080104c8   0x080104c8   0x00000104   Code   RO         5531    i.xTaskResumeAll    tasks.o
    0x080105cc   0x080105cc   0x0000025c   Code   RO         7155    i.yaw_pid           virtual_chassis_control.o
    0x08010828   0x08010828   0x0000000a   Code   RO        15575    x$fpl$fpinit        fz_wm.l(fpinit.o)
    0x08010832   0x08010832   0x00000000   Code   RO        15415    x$fpl$usenofp       fz_wm.l(usenofp.o)
    0x08010832   0x08010832   0x00000002   PAD
    0x08010834   0x08010834   0x00000070   Data   RO          373    .constdata          freertos.o
    0x080108a4   0x080108a4   0x00000008   Data   RO         3360    .constdata          stm32f4xx_hal_dma.o
    0x080108ac   0x080108ac   0x00000018   Data   RO         4972    .constdata          system_stm32f4xx.o
    0x080108c4   0x080108c4   0x00000120   Data   RO         7688    .constdata          quaternionekf.o
    0x080109e4   0x080109e4   0x00000804   Data   RO         9391    .constdata          commontables.o
    0x080111e8   0x080111e8   0x00000070   Data   RO        10228    .constdata          fastmathfunctions.o
    0x08011258   0x08011258   0x00000020   Data   RO        15460    .constdata          m_wm.l(rredf.o)
    0x08011278   0x08011278   0x0000002d   Data   RO          374    .conststring        freertos.o
    0x080112a5   0x080112a5   0x00000003   PAD
    0x080112a8   0x080112a8   0x00000020   Data   RO        15631    Region$$Table       anon$$obj.o


    Execution Region RW_IRAM1 (Exec base: 0x20000000, Load base: 0x080112c8, Size: 0x00007340, Max: 0x0001c000, ABSOLUTE, COMPRESSED[0x0000020c])

    Exec Addr    Load Addr    Size         Type   Attr      Idx    E Section Name        Object

    0x20000000   COMPRESSED   0x00000010   Data   RW          375    .data               freertos.o
    0x20000010   COMPRESSED   0x00000004   Data   RW          442    .data               can.o
    0x20000014   COMPRESSED   0x0000004e   Data   RW          917    .data               usbd_desc.o
    0x20000062   COMPRESSED   0x00000002   PAD
    0x20000064   COMPRESSED   0x00000014   Data   RW         1004    .data               usbd_cdc_if.o
    0x20000078   COMPRESSED   0x00000009   Data   RW         3810    .data               stm32f4xx_hal.o
    0x20000081   COMPRESSED   0x00000003   PAD
    0x20000084   COMPRESSED   0x00000004   Data   RW         4973    .data               system_stm32f4xx.o
    0x20000088   COMPRESSED   0x0000003c   Data   RW         5534    .data               tasks.o
    0x200000c4   COMPRESSED   0x00000020   Data   RW         6187    .data               heap_4.o
    0x200000e4   COMPRESSED   0x0000000c   Data   RW         6255    .data               port.o
    0x200000f0   COMPRESSED   0x00000001   Data   RW         6502    .data               usbd_ctlreq.o
    0x200000f1   COMPRESSED   0x00000003   PAD
    0x200000f4   COMPRESSED   0x0000008a   Data   RW         6665    .data               usbd_cdc.o
    0x2000017e   COMPRESSED   0x00000002   PAD
    0x20000180   COMPRESSED   0x0000001c   Data   RW         6903    .data               out_of_contral_detection.o
    0x2000019c   COMPRESSED   0x000001e4   Data   RW         7044    .data               panel.o
    0x20000380   COMPRESSED   0x00000010   Data   RW         7101    .data               state_define.o
    0x20000390   COMPRESSED   0x00000002   Data   RW         7118    .data               task_define.o
    0x20000392   COMPRESSED   0x00000002   PAD
    0x20000394   COMPRESSED   0x0000000c   Data   RW         7156    .data               virtual_chassis_control.o
    0x200003a0   COMPRESSED   0x000000a4   Data   RW         7200    .data               vmc.o
    0x20000444   COMPRESSED   0x00000004   Data   RW         7559    .data               kalman_filter.o
    0x20000448   COMPRESSED   0x00000090   Data   RW         7689    .data               quaternionekf.o
    0x200004d8   COMPRESSED   0x00000040   Data   RW         7992    .data               imu_temp_ctrl.o
    0x20000518   COMPRESSED   0x0000002c   Data   RW         8065    .data               bmi088driver.o
    0x20000544   COMPRESSED   0x00000031   Data   RW         8284    .data               mahonyahrs.o
    0x20000575   COMPRESSED   0x00000003   PAD
    0x20000578   COMPRESSED   0x00000031   Data   RW         8364    .data               remoter.o
    0x200005a9   COMPRESSED   0x00000003   PAD
    0x200005ac   COMPRESSED   0x000000cc   Data   RW         8546    .data               lie_down.o
    0x20000678        -       0x00000080   Zero   RW           17    .bss                main.o
    0x200006f8        -       0x00000254   Zero   RW          372    .bss                freertos.o
    0x2000094c        -       0x00000050   Zero   RW          441    .bss                can.o
    0x2000099c        -       0x00000058   Zero   RW          513    .bss                spi.o
    0x200009f4        -       0x000000d8   Zero   RW          562    .bss                tim.o
    0x20000acc        -       0x000001b0   Zero   RW          640    .bss                usart.o
    0x20000c7c        -       0x00000048   Zero   RW          823    .bss                stm32f4xx_hal_timebase_tim.o
    0x20000cc4        -       0x000002dc   Zero   RW          860    .bss                usb_device.o
    0x20000fa0        -       0x00000200   Zero   RW          916    .bss                usbd_desc.o
    0x200011a0        -       0x00001000   Zero   RW         1003    .bss                usbd_cdc_if.o
    0x200021a0        -       0x00000704   Zero   RW         1085    .bss                usbd_conf.o
    0x200028a4        -       0x000000f0   Zero   RW         5533    .bss                tasks.o
    0x20002994        -       0x00003c00   Zero   RW         6186    .bss                heap_4.o
    0x20006594        -       0x00000118   Zero   RW         7043    .bss                panel.o
    0x200066ac        -       0x00000250   Zero   RW         7243    .bss                dm_can_io.o
    0x200068fc   COMPRESSED   0x00000004   PAD
    0x20006900        -       0x00000270   Zero   RW         7687    .bss                quaternionekf.o
    0x20006b70        -       0x0000006c   Zero   RW         7991    .bss                imu_temp_ctrl.o
    0x20006bdc        -       0x00000104   Zero   RW         8363    .bss                remoter.o
    0x20006ce0        -       0x00000060   Zero   RW        15491    .bss                c_w.l(libspace.o)
    0x20006d40        -       0x00000200   Zero   RW            2    HEAP                startup_stm32f407xx.o
    0x20006f40        -       0x00000400   Zero   RW            1    STACK               startup_stm32f407xx.o


    Execution Region RW_IRAM2 (Exec base: 0x2001c000, Load base: 0x080114d4, Size: 0x00000000, Max: 0x00004000, ABSOLUTE)

    **** No section assigned to this execution region ****


==============================================================================

Image component sizes


      Code (inc. data)   RO Data    RW Data    ZI Data      Debug   Object Name

         0          0          0          0          0       3145   algorithm.o
      1030         20          0         44          0       6882   bmi088driver.o
       216         28          0          0          0       5368   bmi088middleware.o
        24          4          0          0          0        538   buzzer.o
       504         40          0          4         80       2682   can.o
       142          0          0          0          0      23451   cmsis_os.o
         0          0       2052          0          0      13593   commontables.o
      1330        140          0          0        592       7379   dm_can_io.o
       120          6          0          0          0        906   dma.o
       184         18          0          0          0        632   emergency.o
         0          0          0          0          0      17136   event_groups.o
       788         58        112          0          0      11555   fastmathfunctions.o
        88         10          0          0          0        618   fliter.o
       162         32        157         16        596       7517   freertos.o
       272         12          0          0          0       1159   gpio.o
       724         74          0         32      15360       7743   heap_4.o
       838        116          0         64        108       5392   imu_temp_ctrl.o
        68          8          0          0          0       1080   init.o
      3326         26          0          4          0      10381   kalman_filter.o
      1108        184          0        204          0       3338   lie_down.o
       148          0          0          0          0       3850   list.o
      3712        214          0         49          0       8650   mahonyahrs.o
       306         26          0          0        128     756340   main.o
       836         42          0          0          0        814   main_output.o
       950         10          0          0          0      11728   matrixfunctions.o
       158          0          0          0          0       1007   my_maths.o
      2360        216          0         28          0       5163   out_of_contral_detection.o
       464         68          0        484        280       5676   panel.o
       496          4          0          0          0       1971   pid.o
       894         78          0         12          0      11624   port.o
      3960        160        288        144        624      14693   quaternionekf.o
      1672        188          0         49        260       6970   remoter.o
       268         26          0          0         88       1921   spi.o
        64         26        392          0       1536        888   startup_stm32f407xx.o
         0          0          0         16          0       2127   state_define.o
       136         24          0          9          0       9026   stm32f4xx_hal.o
      2144          4          0          0          0      15243   stm32f4xx_hal_can.o
       260         22          0          0          0      33842   stm32f4xx_hal_cortex.o
      1436         16          8          0          0       7422   stm32f4xx_hal_dma.o
       512         46          0          0          0       2240   stm32f4xx_hal_gpio.o
        84          6          0          0          0        946   stm32f4xx_hal_msp.o
      3562         16          0          0          0      14480   stm32f4xx_hal_pcd.o
        90          0          0          0          0       2609   stm32f4xx_hal_pcd_ex.o
      1888         94          0          0          0       6633   stm32f4xx_hal_rcc.o
      1136         12          0          0          0       4869   stm32f4xx_hal_spi.o
      2184        142          0          0          0      14611   stm32f4xx_hal_tim.o
       300         30          0          0          0       3569   stm32f4xx_hal_tim_ex.o
       180         20          0          0         72       1604   stm32f4xx_hal_timebase_tim.o
      2884         40          0          0          0      17498   stm32f4xx_hal_uart.o
       174         56          0          0          0       7995   stm32f4xx_it.o
      3908         84          0          0          0      24200   stm32f4xx_ll_usb.o
         0          0          0          0          0        440   stream_buffer.o
        20          6         24          4          0       1259   system_stm32f4xx.o
       426         32          0          2          0       1621   task_define.o
      2158        270          0         60        240      21277   tasks.o
       832         80          0          0        216       5387   tim.o
       604         64          0          0        432       2864   usart.o
        76         16          0          0        732       2723   usb_device.o
      1684         48          0        138          0      14215   usbd_cdc.o
       148         16          0         20       4096       3818   usbd_cdc_if.o
       992         32          0          0       1796      18844   usbd_conf.o
      1372          0          0          0          0      17561   usbd_core.o
      2366         30          0          1          0      18616   usbd_ctlreq.o
       386        122          0         78        512       7369   usbd_desc.o
       182          0          0          0          0       5024   usbd_ioreq.o
      1240        168          0         12          0       2784   virtual_chassis_control.o
      3544        350          0        164          0       4000   vmc.o

    ----------------------------------------------------------------------
     64196       3680       3068       1656      27752    1258506   Object Totals
         0          0         32          0          0          0   (incl. Generated)
        76          0          3         18          4          0   (incl. Padding)

    ----------------------------------------------------------------------

      Code (inc. data)   RO Data    RW Data    ZI Data      Debug   Library Member Name

        90          0          0          0          0          0   __dczerorl2.o
         8          0          0          0          0         68   __main.o
         0          0          0          0          0          0   __rtentry.o
        12          0          0          0          0          0   __rtentry2.o
         6          0          0          0          0          0   __rtentry4.o
        52          8          0          0          0          0   __scatter.o
        28          0          0          0          0          0   __scatter_zi.o
        22          0          0          0          0        100   _rserrno.o
        18          0          0          0          0         80   exit.o
         6          0          0          0          0        152   heapauxi.o
         0          0          0          0          0          0   indicate_semi.o
         2          0          0          0          0          0   libinit.o
         6          0          0          0          0          0   libinit2.o
         2          0          0          0          0          0   libshutdown.o
         2          0          0          0          0          0   libshutdown2.o
         8          4          0          0         96         68   libspace.o
       238          0          0          0          0        100   lludivv7m.o
         8          4          0          0          0         68   rt_errno_addr_intlibspace.o
        68          0          0          0          0         68   rt_memclr.o
        78          0          0          0          0         80   rt_memclr_w.o
       100          0          0          0          0         80   rt_memcpy_w.o
         2          0          0          0          0          0   rtexit.o
        10          0          0          0          0          0   rtexit2.o
        12          4          0          0          0         68   sys_exit.o
        74          0          0          0          0         80   sys_stackheap_outer.o
         2          0          0          0          0         68   use_no_semi.o
        10          0          0          0          0        116   fpinit.o
         0          0          0          0          0          0   usenofp.o
       300         42          0          0          0        176   asinf.o
       592         90          0          0          0        184   atan2f.o
       336         56          0          0          0        136   cosf.o
        38          0          0          0          0        116   fpclassifyf.o
        44         12          0          0          0        464   funder.o
       340         24         32          0          0        160   rredf.o
       400         56          0          0          0        212   sinf.o
       120          0          0          0          0        272   sqrtf.o

    ----------------------------------------------------------------------
      3048        300         32          0         96       2916   Library Totals
        14          0          0          0          0          0   (incl. Padding)

    ----------------------------------------------------------------------

      Code (inc. data)   RO Data    RW Data    ZI Data      Debug   Library Name

       854         20          0          0         96       1080   c_w.l
        10          0          0          0          0        116   fz_wm.l
      2170        280         32          0          0       1720   m_wm.l

    ----------------------------------------------------------------------
      3048        300         32          0         96       2916   Library Totals

    ----------------------------------------------------------------------

==============================================================================


      Code (inc. data)   RO Data    RW Data    ZI Data      Debug   

     67244       3980       3100       1656      27848    1220854   Grand Totals
     67244       3980       3100        524      27848    1220854   ELF Image Totals (compressed)
     67244       3980       3100        524          0          0   ROM Totals

==============================================================================

    Total RO  Size (Code + RO Data)                70344 (  68.70kB)
    Total RW  Size (RW Data + ZI Data)             29504 (  28.81kB)
    Total ROM Size (Code + RO Data + RW Data)      70868 (  69.21kB)

==============================================================================

