<html>
<body>
<pre>
<h1>礦ision Build Log</h1>
<h2>Tool Versions:</h2>
IDE-Version: μVision V5.43.1.0
Copyright (C) 2025 ARM Ltd and ARM Germany GmbH. All rights reserved.
License Information: 1 WXR, 1, LIC=PE7DL-0TAPJ-45TT5-GYSPQ-F18VS-68PYQ
 
Tool Versions:
Toolchain:       MDK-ARM Plus  Version: 5.43.0.0
Toolchain Path:  C:\Users\WXR\AppData\Local\Keil_v5\ARM\ARMCC\Bin
C Compiler:      Armcc.exe V5.06 update 6 (build 750)
Assembler:       Armasm.exe V5.06 update 6 (build 750)
Linker/Locator:  ArmLink.exe V5.06 update 6 (build 750)
Library Manager: ArmAr.exe V5.06 update 6 (build 750)
Hex Converter:   FromElf.exe V5.06 update 6 (build 750)
CPU DLL:         SARMCM3.DLL V5.43.0.0
Dialog DLL:      DCM.DLL V1.17.5.0
Target DLL:      CMSIS_AGDI.dll V1.33.24.0
Dialog DLL:      TCM.DLL V1.56.6.0
 
<h2>Project:</h2>
C:\Users\WXR\Desktop\robomaster\Code\stm32_test\series-leg_wheel-legged_robot_v1\MDK-ARM\series-leg_wheel-legged_robot_v1.uvprojx
Project File Date:  01/20/2026

<h2>Output:</h2>
*** Using Compiler 'V5.06 update 6 (build 750)', folder: 'C:\Users\WXR\AppData\Local\Keil_v5\ARM\ARMCC\Bin'
Rebuild target 'series-leg_wheel-legged_robot_v1'
assembling startup_stm32f407xx.s...
compiling can.c...
compiling stm32f4xx_hal_tim_ex.c...
compiling usb_device.c...
compiling stm32f4xx_ll_usb.c...
compiling tim.c...
compiling gpio.c...
compiling stm32f4xx_it.c...
compiling stm32f4xx_hal_msp.c...
compiling usbd_conf.c...
compiling stm32f4xx_hal_timebase_tim.c...
compiling stm32f4xx_hal_rcc.c...
compiling stm32f4xx_hal_pcd_ex.c...
compiling spi.c...
compiling usbd_desc.c...
compiling stm32f4xx_hal_pcd.c...
compiling dma.c...
compiling usbd_cdc_if.c...
compiling usart.c...
compiling stm32f4xx_hal_rcc_ex.c...
compiling stm32f4xx_hal_flash.c...
compiling freertos.c...
compiling main.c...
..\User\Device\Breezer\buzzer.h(9): warning:  #1295-D: Deprecated declaration Run_Buzzer - give arg types
  void Run_Buzzer();
../User/Balance_contral/Lie_Down.h(17): warning:  #1-D: last line of file ends without a newline
  #endif //SERIES_LEG_WHEEL_LEGGED_ROBOT_V1_LIE_DOWN_H
../Core/Src/main.c: 2 warnings, 0 errors
compiling croutine.c...
compiling stm32f4xx_hal_tim.c...
compiling event_groups.c...
compiling list.c...
compiling stream_buffer.c...
compiling queue.c...
compiling timers.c...
compiling tasks.c...
compiling heap_4.c...
compiling cmsis_os.c...
compiling port.c...
compiling Jump.c...
compiling my_maths.c...
compiling stm32f4xx_hal_gpio.c...
compiling stm32f4xx_hal_spi.c...
compiling stm32f4xx_hal_pwr.c...
compiling stm32f4xx_hal_flash_ramfunc.c...
compiling stm32f4xx_hal_dma.c...
compiling stm32f4xx_hal_can.c...
compiling stm32f4xx_hal_flash_ex.c...
compiling stm32f4xx_hal_exti.c...
compiling usbd_ioreq.c...
compiling stm32f4xx_hal.c...
compiling stm32f4xx_hal_cortex.c...
compiling Remote_Contral.c...
compiling state_define.c...
..\User\Balance_contral\state_define.c(23): warning:  #1-D: last line of file ends without a newline
  uint8_t car_state = 0;
..\User\Balance_contral\state_define.c: 1 warning, 0 errors
compiling Out_of_Contral_Detection.c...
compiling stm32f4xx_hal_pwr_ex.c...
compiling Init.c...
compiling system_stm32f4xx.c...
compiling stm32f4xx_hal_uart.c...
compiling stm32f4xx_hal_dma_ex.c...
compiling kalman_filter.c...
compiling Emergency.c...
compiling usbd_core.c...
compiling callback.c...
compiling usbd_ctlreq.c...
compiling usbd_cdc.c...
compiling Main_Output.c...
..\User\Device\Breezer\buzzer.h(9): warning:  #1295-D: Deprecated declaration Run_Buzzer - give arg types
  void Run_Buzzer();
../User/Balance_contral/Lie_Down.h(17): warning:  #1-D: last line of file ends without a newline
  #endif //SERIES_LEG_WHEEL_LEGGED_ROBOT_V1_LIE_DOWN_H
..\User\Balance_contral\Main_Output.c(12): warning:  #161-D: unrecognized #pragma
  #pragma region 髋关节输出
..\User\Balance_contral\Main_Output.c(226): warning:  #161-D: unrecognized #pragma
  #pragma endregion 髋关节输出
..\User\Balance_contral\Main_Output.c(228): warning:  #161-D: unrecognized #pragma
  #pragma region 轮毂输出
..\User\Balance_contral\Main_Output.c(313): warning:  #161-D: unrecognized #pragma
  #pragma endregion 轮毂输出
..\User\Balance_contral\Main_Output.c: 6 warnings, 0 errors
compiling QuaternionEKF.c...
compiling MahonyAHRS.c...
compiling BasicMathFunctionsF16.c...
compiling BayesFunctions.c...
compiling BayesFunctionsF16.c...
compiling CommonTablesF16.c...
compiling BasicMathFunctions.c...
compiling ComplexMathFunctionsF16.c...
compiling ComplexMathFunctions.c...
compiling DistanceFunctionsF16.c...
compiling ControllerFunctions.c...
compiling CommonTables.c...
compiling panel.c...
compiling FastMathFunctionsF16.c...
C:/Users/WXR/AppData/Local/Arm/Packs/ARM/CMSIS-DSP/1.16.2/Source/FastMathFunctions/arm_vexp_f16.c(95): warning:  #1-D: last line of file ends without a newline
   */
C:/Users/WXR/AppData/Local/Arm/Packs/ARM/CMSIS-DSP/1.16.2/Source/FastMathFunctions/FastMathFunctionsF16.c: 1 warning, 0 errors
compiling DM_can_IO.c...
compiling speed.c...
compiling FilteringFunctionsF16.c...
compiling DistanceFunctions.c...
C:/Users/WXR/AppData/Local/Arm/Packs/ARM/CMSIS-DSP/1.16.2/Source/DistanceFunctions/DistanceFunctions.c(54): warning:  #1-D: last line of file ends without a newline
  #include "arm_dtw_init_window_q7.c"
C:/Users/WXR/AppData/Local/Arm/Packs/ARM/CMSIS-DSP/1.16.2/Source/DistanceFunctions/DistanceFunctions.c: 1 warning, 0 errors
compiling FastMathFunctions.c...
C:/Users/WXR/AppData/Local/Arm/Packs/ARM/CMSIS-DSP/1.16.2/Source/FastMathFunctions/arm_vexp_f32.c(122): warning:  #1-D: last line of file ends without a newline
   */
C:/Users/WXR/AppData/Local/Arm/Packs/ARM/CMSIS-DSP/1.16.2/Source/FastMathFunctions/FastMathFunctions.c: 1 warning, 0 errors
compiling fliter.c...
compiling InterpolationFunctions.c...
compiling InterpolationFunctionsF16.c...
compiling VMC.c...
..\User\Device\Breezer\buzzer.h(9): warning:  #1295-D: Deprecated declaration Run_Buzzer - give arg types
  void Run_Buzzer();
../User/Balance_contral/Lie_Down.h(17): warning:  #1-D: last line of file ends without a newline
  #endif //SERIES_LEG_WHEEL_LEGGED_ROBOT_V1_LIE_DOWN_H
..\User\Balance_contral\VMC.c(206): warning:  #1-D: last line of file ends without a newline
  }
..\User\Balance_contral\VMC.c: 3 warnings, 0 errors
compiling controller.c...
compiling BMI088driver.c...
compiling algorithm.c...
compiling pid.c...
compiling BMI088Middleware.c...
compiling QuaternionMathFunctions.c...
compiling bsp_dwt.c...
compiling MatrixFunctionsF16.c...
C:/Users/WXR/AppData/Local/Arm/Packs/ARM/CMSIS-DSP/1.16.2/Source/MatrixFunctions/MatrixFunctionsF16.c(43): warning:  #1-D: last line of file ends without a newline
  #include "arm_householder_f16.c"
C:/Users/WXR/AppData/Local/Arm/Packs/ARM/CMSIS-DSP/1.16.2/Source/MatrixFunctions/MatrixFunctionsF16.c: 1 warning, 0 errors
compiling SVMFunctions.c...
compiling Virtual_Chassis_Control.c...
..\User\Device\Breezer\buzzer.h(9): warning:  #1295-D: Deprecated declaration Run_Buzzer - give arg types
  void Run_Buzzer();
../User/Balance_contral/Lie_Down.h(17): warning:  #1-D: last line of file ends without a newline
  #endif //SERIES_LEG_WHEEL_LEGGED_ROBOT_V1_LIE_DOWN_H
..\User\Balance_contral\Virtual_Chassis_Control.c: 2 warnings, 0 errors
compiling SVMFunctionsF16.c...
compiling StatisticsFunctionsF16.c...
compiling Task_define.c...
..\User\Device\Breezer\buzzer.h(9): warning:  #1295-D: Deprecated declaration Run_Buzzer - give arg types
  void Run_Buzzer();
../User/Balance_contral/Lie_Down.h(17): warning:  #1-D: last line of file ends without a newline
  #endif //SERIES_LEG_WHEEL_LEGGED_ROBOT_V1_LIE_DOWN_H
..\User\Balance_contral\Task_define.c: 2 warnings, 0 errors
compiling user_lib.c...
compiling SupportFunctionsF16.c...
compiling TransformFunctionsF16.c...
C:/Users/WXR/AppData/Local/Arm/Packs/ARM/CMSIS-DSP/1.16.2/Source/TransformFunctions/arm_cfft_init_f16.c(354): warning:  #1-D: last line of file ends without a newline
   */
C:/Users/WXR/AppData/Local/Arm/Packs/ARM/CMSIS-DSP/1.16.2/Source/TransformFunctions/TransformFunctionsF16.c: 1 warning, 0 errors
compiling Lie_Down.c...
..\User\Device\Breezer\buzzer.h(9): warning:  #1295-D: Deprecated declaration Run_Buzzer - give arg types
  void Run_Buzzer();
../User/Balance_contral/Lie_Down.h(17): warning:  #1-D: last line of file ends without a newline
  #endif //SERIES_LEG_WHEEL_LEGGED_ROBOT_V1_LIE_DOWN_H
..\User\Balance_contral\Lie_Down.h(17): warning:  #1-D: last line of file ends without a newline
  #endif //SERIES_LEG_WHEEL_LEGGED_ROBOT_V1_LIE_DOWN_H
..\User\Balance_contral\Lie_Down.c: 3 warnings, 0 errors
compiling SupportFunctions.c...
compiling remoter.c...
..\User\Device\Breezer\buzzer.h(9): warning:  #1295-D: Deprecated declaration Run_Buzzer - give arg types
  void Run_Buzzer();
../User/Balance_contral/Lie_Down.h(17): warning:  #1-D: last line of file ends without a newline
  #endif //SERIES_LEG_WHEEL_LEGGED_ROBOT_V1_LIE_DOWN_H
..\User\Device\HT-10A\remoter.c(263): warning:  #1-D: last line of file ends without a newline
  }
..\User\Device\HT-10A\remoter.c: 3 warnings, 0 errors
compiling buzzer.c...
..\User\Device\Breezer\buzzer.h(9): warning:  #1295-D: Deprecated declaration Run_Buzzer - give arg types
  void Run_Buzzer();
../User/Balance_contral/Lie_Down.h(17): warning:  #1-D: last line of file ends without a newline
  #endif //SERIES_LEG_WHEEL_LEGGED_ROBOT_V1_LIE_DOWN_H
..\User\Device\Breezer\buzzer.c: 2 warnings, 0 errors
compiling imu_temp_ctrl.c...
compiling WindowFunctions.c...
compiling StatisticsFunctions.c...
compiling MatrixFunctions.c...
compiling TransformFunctions.c...
C:/Users/WXR/AppData/Local/Arm/Packs/ARM/CMSIS-DSP/1.16.2/Source/TransformFunctions/arm_cfft_init_f64.c(286): warning:  #1-D: last line of file ends without a newline
   */
C:/Users/WXR/AppData/Local/Arm/Packs/ARM/CMSIS-DSP/1.16.2/Source/TransformFunctions/arm_cfft_init_q15.c(338): warning:  #1-D: last line of file ends without a newline
   */
C:/Users/WXR/AppData/Local/Arm/Packs/ARM/CMSIS-DSP/1.16.2/Source/TransformFunctions/arm_cfft_init_q31.c(341): warning:  #1-D: last line of file ends without a newline
   */
C:/Users/WXR/AppData/Local/Arm/Packs/ARM/CMSIS-DSP/1.16.2/Source/TransformFunctions/arm_rfft_fast_init_f32.c(312): warning:  #111-D: statement is unreachable
      break;
C:/Users/WXR/AppData/Local/Arm/Packs/ARM/CMSIS-DSP/1.16.2/Source/TransformFunctions/arm_rfft_fast_init_f64.c(316): warning:  #111-D: statement is unreachable
      break;
C:/Users/WXR/AppData/Local/Arm/Packs/ARM/CMSIS-DSP/1.16.2/Source/TransformFunctions/TransformFunctions.c: 5 warnings, 0 errors
compiling FilteringFunctions.c...
linking...
Program Size: Code=67244 RO-data=3100 RW-data=1656 ZI-data=27848  
FromELF: creating hex file...
"series-leg_wheel-legged_robot_v1\series-leg_wheel-legged_robot_v1.axf" - 0 Error(s), 34 Warning(s).

<h2>Software Packages used:</h2>

Package Vendor: ARM
                https://www.keil.com/pack/ARM.CMSIS.6.2.0.pack
                ARM::CMSIS@6.2.0
                CMSIS (Common Microcontroller Software Interface Standard)
   * Component: CORE Version: 6.1.1

Package Vendor: ARM
                https://www.keil.com/pack/ARM.CMSIS-DSP.1.16.2.pack
                ARM::CMSIS-DSP@1.16.2
                CMSIS Embedded Compute Library
   * Component: DSP Variant: Source Version: 1.16.2

Package Vendor: Keil
                https://www.keil.com/pack/Keil.STM32F4xx_DFP.3.1.1.pack
                Keil::STM32F4xx_DFP@3.1.1
                STMicroelectronics STM32F4 Series Device Support

<h2>Collection of Component include folders:</h2>
  ./RTE/_series-leg_wheel-legged_robot_v1
  C:/Users/WXR/AppData/Local/Arm/Packs/ARM/CMSIS-DSP/1.16.2/Include
  C:/Users/WXR/AppData/Local/Arm/Packs/ARM/CMSIS-DSP/1.16.2/PrivateInclude
  C:/Users/WXR/AppData/Local/Arm/Packs/ARM/CMSIS/6.2.0/CMSIS/Core/Include

<h2>Collection of Component Files used:</h2>

   * Component: ARM::CMSIS:CORE@6.1.1
      Include file:  CMSIS/Core/Include/tz_context.h

   * Component: ARM::CMSIS:DSP&Source@1.16.2
      Include file:  Include/arm_math.h
      Include file:  Include/arm_common_tables.h
      Source file:   Source/BayesFunctions/BayesFunctions.c
      Include file:  Include/arm_common_tables_f16.h
      Include file:  Include/arm_const_structs.h
      Source file:   Source/CommonTables/CommonTables.c
      Source file:   Source/ComplexMathFunctions/ComplexMathFunctions.c
      Source file:   Source/ControllerFunctions/ControllerFunctions.c
      Source file:   Source/DistanceFunctions/DistanceFunctions.c
      Source file:   Source/FastMathFunctions/FastMathFunctions.c
      Source file:   Source/BasicMathFunctions/BasicMathFunctions.c
      Source file:   Source/FilteringFunctions/FilteringFunctions.c
      Source file:   Source/MatrixFunctions/MatrixFunctions.c
      Include file:  Include/arm_math_f16.h
      Include file:  Include/arm_const_structs_f16.h
      Source file:   Source/QuaternionMathFunctions/QuaternionMathFunctions.c
      Source file:   Source/InterpolationFunctions/InterpolationFunctions.c
      Source file:   Source/SupportFunctions/SupportFunctions.c
      Source file:   Source/SVMFunctions/SVMFunctions.c
      Source file:   Source/FilteringFunctions/FilteringFunctionsF16.c
      Source file:   Source/InterpolationFunctions/InterpolationFunctionsF16.c
      Source file:   Source/TransformFunctions/TransformFunctionsF16.c
      Source file:   Source/DistanceFunctions/DistanceFunctionsF16.c
      Source file:   Source/BayesFunctions/BayesFunctionsF16.c
      Source file:   Source/FastMathFunctions/FastMathFunctionsF16.c
      Source file:   Source/StatisticsFunctions/StatisticsFunctions.c
      Source file:   Source/TransformFunctions/TransformFunctions.c
      Source file:   Source/MatrixFunctions/MatrixFunctionsF16.c
      Source file:   Source/WindowFunctions/WindowFunctions.c
      Source file:   Source/CommonTables/CommonTablesF16.c
      Source file:   Source/BasicMathFunctions/BasicMathFunctionsF16.c
      Source file:   Source/SupportFunctions/SupportFunctionsF16.c
      Source file:   Source/ComplexMathFunctions/ComplexMathFunctionsF16.c
      Source file:   Source/StatisticsFunctions/StatisticsFunctionsF16.c
      Source file:   Source/SVMFunctions/SVMFunctionsF16.c
Build Time Elapsed:  00:00:20
</pre>
</body>
</html>
